<html>
<body>
<pre>
<h1>礦ision Build Log</h1>
<h2>Tool Versions:</h2>
IDE-Version: μVision V5.14.0.0
Copyright (C) 2015 ARM Ltd and ARM Germany GmbH. All rights reserved.
License Information: HuangNoubo WONG, zhongguoerzhong, LIC=NQQ9U-ST131-0NFAM-XBD77-KJDCE-V06HP
 
Tool Versions:
Toolchain:       MDK-ARM Standard  Version: 5.14.0.0
Toolchain Path:  C:\Program Files\MDK5\ARM\ARMCC\Bin
C Compiler:      Armcc.exe V5.05 update 1 (build 106)
Assembler:       Armasm.exe V5.05 update 1 (build 106)
Linker/Locator:  ArmLink.exe V5.05 update 1 (build 106)
Library Manager: ArmAr.exe V5.05 update 1 (build 106)
Hex Converter:   FromElf.exe V5.05 update 1 (build 106)
CPU DLL:         SARMCM3.DLL V5.14.0.0
Dialog DLL:      DARMSTM.DLL V1.65.0.0
Target DLL:      STLink\ST-LINKIII-KEIL_SWO.dll V2.0.14.0_KEIL
Dialog DLL:      TARMSTM.DLL V1.64.0.0
 
<h2>Project:</h2>
C:\Users\10120\Desktop\嵌入式系统实验\天气\ESP8266获取网络天气适配战舰V3\USER\ATK_ESP8266.uvprojx
Project File Date:  05/11/2018

<h2>Output:</h2>
Rebuild target 'Target 1'
compiling main.c...
main.c(40): warning:  #550-D: variable "constate" was set but never used
        u8 constate=0;  //连接状态
main.c: 1 warning, 0 errors
compiling stm32f10x_it.c...
compiling system_stm32f10x.c...
compiling core_cm3.c...
assembling startup_stm32f10x_hd.s...
compiling delay.c...
compiling sys.c...
compiling usart.c...
compiling 24cxx.c...
compiling myiic.c...
compiling key.c...
compiling lcd.c...
compiling led.c...
compiling sdio_sdcard.c...
compiling spi.c...
compiling timer.c...
compiling ctiic.c...
compiling ft5206.c...
compiling gt9147.c...
compiling ott2001a.c...
compiling touch.c...
compiling usart3.c...
compiling w25qxx.c...
compiling rtc.c...
compiling misc.c...
compiling stm32f10x_dma.c...
compiling stm32f10x_exti.c...
compiling stm32f10x_fsmc.c...
compiling stm32f10x_gpio.c...
compiling stm32f10x_rcc.c...
compiling stm32f10x_sdio.c...
compiling stm32f10x_spi.c...
compiling stm32f10x_tim.c...
compiling stm32f10x_usart.c...
compiling stm32f10x_bkp.c...
compiling stm32f10x_pwr.c...
compiling stm32f10x_rtc.c...
compiling malloc.c...
compiling diskio.c...
compiling ff.c...
compiling exfuns.c...
compiling mycc936.c...
compiling fattester.c...
compiling fontupd.c...
compiling text.c...
compiling wifista.c...
compiling weather.c...
compiling cJSON.c...
..\cJson\cJSON.c(55): warning:  #1293-D: assignment in condition
        if (!(copy = (char*)cJSON_malloc(len))) return 0;
..\cJson\cJSON.c(278): warning:  #1293-D: assignment in condition
        ptr=str;while ((token=*ptr) && ++len) {if (strchr("\"\\\b\f\n\r\t",token)) len++; else if (token<32) len+=5;ptr++;}
..\cJson\cJSON.c(352): warning:  #111-D: statement is unreachable
        return p.buffer;
..\cJson\cJSON.c(423): warning:  #1293-D: assignment in condition
                if (!(new_item=cJSON_New_Item())) return 0;     /* memory fail */
..\cJson\cJSON.c(535): warning:  #1293-D: assignment in condition
                if (!(new_item=cJSON_New_Item()))       return 0; /* memory fail */
..\cJson\cJSON.c: 5 warnings, 0 errors
compiling parsejson.c...
..\cJSON\parsejson.c(739): warning:  #177-D: variable "size" was declared but never referenced
        u8 size = 0;
..\cJSON\parsejson.c: 1 warning, 0 errors
compiling utf8togbk.c...
..\cJSON\utf8togbk.c(1320): warning:  #550-D: variable "nLen" was set but never used
        int j = 0, nLen;
..\cJSON\utf8togbk.c(1323): warning:  #177-D: variable "temp" was declared but never referenced
        unsigned char temp;
..\cJSON\utf8togbk.c: 2 warnings, 0 errors
compiling picture.c...
linking...
Program Size: Code=81124 RO-data=96272 RW-data=256 ZI-data=1103464  
FromELF: creating hex file...
"..\OBJ\ATK_ESP8266.axf" - 0 Error(s), 9 Warning(s).

<h2>Collection of Component include folders:</h2>
  C:\Users\10120\Desktop\嵌入式系统实验\天气\ESP8266获取网络天气适配战舰V3\USER\RTE
  C:\Program Files\MDK5\ARM\PACK\Keil\STM32F1xx_DFP\1.0.5\Device\Include

<h2>Collection of Component Files used:</h2>
</pre>
</body>
</html>
