Component: ARM Compiler 5.05 update 1 (build 106) Tool: armlink [4d0efa]

==============================================================================

Section Cross References

    main.o(i.main) refers to delay.o(i.delay_init) for delay_init
    main.o(i.main) refers to misc.o(i.NVIC_PriorityGroupConfig) for NVIC_PriorityGroupConfig
    main.o(i.main) refers to usart.o(i.uart_init) for uart_init
    main.o(i.main) refers to led.o(i.LED_Init) for LED_Init
    main.o(i.main) refers to key.o(i.KEY_Init) for KEY_Init
    main.o(i.main) refers to lcd.o(i.LCD_Init) for LCD_Init
    main.o(i.main) refers to rtc.o(i.RTC_Init) for RTC_Init
    main.o(i.main) refers to w25qxx.o(i.W25QXX_Init) for W25QXX_Init
    main.o(i.main) refers to usart3.o(i.usart3_init) for usart3_init
    main.o(i.main) refers to malloc.o(i.my_mem_init) for my_mem_init
    main.o(i.main) refers to exfuns.o(i.exfuns_init) for exfuns_init
    main.o(i.main) refers to ff.o(i.f_mount) for f_mount
    main.o(i.main) refers to key.o(i.KEY_Scan) for KEY_Scan
    main.o(i.main) refers to lcd.o(i.LCD_Clear) for LCD_Clear
    main.o(i.main) refers to touch.o(i.TP_Adjust) for TP_Adjust
    main.o(i.main) refers to touch.o(i.TP_Save_Adjdata) for TP_Save_Adjdata
    main.o(i.main) refers to fontupd.o(i.font_init) for font_init
    main.o(i.main) refers to lcd.o(i.LCD_ShowString) for LCD_ShowString
    main.o(i.main) refers to delay.o(i.delay_ms) for delay_ms
    main.o(i.main) refers to lcd.o(i.LCD_Fill) for LCD_Fill
    main.o(i.main) refers to sdio_sdcard.o(i.SD_Init) for SD_Init
    main.o(i.main) refers to fontupd.o(i.update_font) for update_font
    main.o(i.main) refers to main.o(i.show_weather) for show_weather
    main.o(i.main) refers to wifista.o(i.atk_8266_wifista_config) for atk_8266_wifista_config
    main.o(i.main) refers to __2printf.o(.text) for __2printf
    main.o(i.main) refers to weather.o(i.get_current_weather) for get_current_weather
    main.o(i.main) refers to weather.o(i.get_3days_weather) for get_3days_weather
    main.o(i.main) refers to weather.o(i.get_beijing_time) for get_beijing_time
    main.o(i.main) refers to wifista.o(i.atk_8266_consta_check) for atk_8266_consta_check
    main.o(i.main) refers to main.o(i.show_time) for show_time
    main.o(i.main) refers to wifista.o(i.atk_8266_at_response) for atk_8266_at_response
    main.o(i.main) refers to touch.o(.data) for tp_dev
    main.o(i.main) refers to exfuns.o(.data) for fs
    main.o(i.main) refers to lcd.o(.data) for POINT_COLOR
    main.o(i.main) refers to rtc.o(.bss) for calendar
    main.o(i.show_time) refers to lcd.o(i.LCD_ShowNum) for LCD_ShowNum
    main.o(i.show_time) refers to lcd.o(i.LCD_ShowxNum) for LCD_ShowxNum
    main.o(i.show_time) refers to rtc.o(.bss) for calendar
    main.o(i.show_weather) refers to malloc.o(i.mymalloc) for mymalloc
    main.o(i.show_weather) refers to ff.o(i.f_open) for f_open
    main.o(i.show_weather) refers to ff.o(i.f_read) for f_read
    main.o(i.show_weather) refers to ff.o(i.f_close) for f_close
    main.o(i.show_weather) refers to lcd.o(i.LCD_Clear) for LCD_Clear
    main.o(i.show_weather) refers to text.o(i.Show_Str) for Show_Str
    main.o(i.show_weather) refers to lcd.o(i.LCD_ShowString) for LCD_ShowString
    main.o(i.show_weather) refers to lcd.o(i.LCD_Draw_Picture) for LCD_Draw_Picture
    main.o(i.show_weather) refers to lcd.o(i.gui_show_num) for gui_show_num
    main.o(i.show_weather) refers to lcd.o(i.LCD_DrawLine) for LCD_DrawLine
    main.o(i.show_weather) refers to malloc.o(i.myfree) for myfree
    main.o(i.show_weather) refers to exfuns.o(.data) for file
    main.o(i.show_weather) refers to lcd.o(.constdata) for APP_ASCII_5427
    main.o(i.show_weather) refers to lcd.o(.data) for asc2_5427
    main.o(i.show_weather) refers to lcd.o(.bss) for lcddev
    main.o(i.show_weather) refers to picture.o(.constdata) for gImage_sunny
    system_stm32f10x.o(i.SetSysClock) refers to system_stm32f10x.o(i.SetSysClockTo72) for SetSysClockTo72
    system_stm32f10x.o(i.SystemCoreClockUpdate) refers to system_stm32f10x.o(.data) for SystemCoreClock
    system_stm32f10x.o(i.SystemInit) refers to system_stm32f10x.o(i.SetSysClock) for SetSysClock
    startup_stm32f10x_hd.o(STACK) refers (Special) to heapauxi.o(.text) for __use_two_region_memory
    startup_stm32f10x_hd.o(HEAP) refers (Special) to heapauxi.o(.text) for __use_two_region_memory
    startup_stm32f10x_hd.o(RESET) refers (Special) to heapauxi.o(.text) for __use_two_region_memory
    startup_stm32f10x_hd.o(RESET) refers to startup_stm32f10x_hd.o(STACK) for __initial_sp
    startup_stm32f10x_hd.o(RESET) refers to startup_stm32f10x_hd.o(.text) for Reset_Handler
    startup_stm32f10x_hd.o(RESET) refers to stm32f10x_it.o(i.NMI_Handler) for NMI_Handler
    startup_stm32f10x_hd.o(RESET) refers to stm32f10x_it.o(i.HardFault_Handler) for HardFault_Handler
    startup_stm32f10x_hd.o(RESET) refers to stm32f10x_it.o(i.MemManage_Handler) for MemManage_Handler
[...]
    W25QXX_Write_Enable                      0x0800bb75   Thumb Code    24  w25qxx.o(i.W25QXX_Write_Enable)
    W25QXX_Write_NoCheck                     0x0800bb95   Thumb Code    70  w25qxx.o(i.W25QXX_Write_NoCheck)
    W25QXX_Write_Page                        0x0800bbdd   Thumb Code    80  w25qxx.o(i.W25QXX_Write_Page)
    __ARM_fpclassify                         0x0800bc31   Thumb Code    40  fpclassify.o(i.__ARM_fpclassify)
    __kernel_poly                            0x0800bc59   Thumb Code   170  poly.o(i.__kernel_poly)
    __mathlib_dbl_divzero                    0x0800bd05   Thumb Code    12  dunder.o(i.__mathlib_dbl_divzero)
    __mathlib_dbl_infnan2                    0x0800bd15   Thumb Code     4  dunder.o(i.__mathlib_dbl_infnan2)
    __mathlib_dbl_invalid                    0x0800bd19   Thumb Code    12  dunder.o(i.__mathlib_dbl_invalid)
    __mathlib_dbl_overflow                   0x0800bd25   Thumb Code    14  dunder.o(i.__mathlib_dbl_overflow)
    __mathlib_dbl_underflow                  0x0800bd35   Thumb Code    10  dunder.o(i.__mathlib_dbl_underflow)
    _is_digit                                0x0800bd45   Thumb Code    14  __printf_wp.o(i._is_digit)
    _sys_exit                                0x0800bd53   Thumb Code     6  usart.o(i._sys_exit)
    atk_8266_at_response                     0x0800bd59   Thumb Code    46  wifista.o(i.atk_8266_at_response)
    atk_8266_check_cmd                       0x0800bd95   Thumb Code    44  wifista.o(i.atk_8266_check_cmd)
    atk_8266_consta_check                    0x0800bdc9   Thumb Code    36  wifista.o(i.atk_8266_consta_check)
    atk_8266_get_wanip                       0x0800be0d   Thumb Code    58  wifista.o(i.atk_8266_get_wanip)
    atk_8266_quit_trans                      0x0800be61   Thumb Code   100  wifista.o(i.atk_8266_quit_trans)
    atk_8266_send_cmd                        0x0800bed1   Thumb Code    94  wifista.o(i.atk_8266_send_cmd)
    atk_8266_wifista_config                  0x0800bf49   Thumb Code   246  wifista.o(i.atk_8266_wifista_config)
    cJSON_Delete                             0x0800c0cd   Thumb Code    82  cjson.o(i.cJSON_Delete)
    cJSON_GetArrayItem                       0x0800c125   Thumb Code    18  cjson.o(i.cJSON_GetArrayItem)
    cJSON_GetArraySize                       0x0800c137   Thumb Code    18  cjson.o(i.cJSON_GetArraySize)
    cJSON_GetObjectItem                      0x0800c149   Thumb Code    30  cjson.o(i.cJSON_GetObjectItem)
    cJSON_Parse                              0x0800c189   Thumb Code    16  cjson.o(i.cJSON_Parse)
    cJSON_ParseWithOpts                      0x0800c199   Thumb Code    96  cjson.o(i.cJSON_ParseWithOpts)
    cJSON_Print                              0x0800c1fd   Thumb Code    18  cjson.o(i.cJSON_Print)
    clust2sect                               0x0800c35f   Thumb Code    26  ff.o(i.clust2sect)
    convert_from_bytes_to_power_of_two       0x0800c409   Thumb Code    18  sdio_sdcard.o(i.convert_from_bytes_to_power_of_two)
    delay_init                               0x0800c761   Thumb Code    50  delay.o(i.delay_init)
    delay_ms                                 0x0800c7a5   Thumb Code    72  delay.o(i.delay_ms)
    delay_us                                 0x0800c7f1   Thumb Code    72  delay.o(i.delay_us)
    dir_sdi                                  0x0800cbbb   Thumb Code   158  ff.o(i.dir_sdi)
    disk_initialize                          0x0800cc59   Thumb Code    52  diskio.o(i.disk_initialize)
    disk_ioctl                               0x0800cc91   Thumb Code   170  diskio.o(i.disk_ioctl)
    disk_read                                0x0800cd45   Thumb Code   122  diskio.o(i.disk_read)
    disk_status                              0x0800cdbf   Thumb Code     6  diskio.o(i.disk_status)
    disk_write                               0x0800cdc5   Thumb Code   122  diskio.o(i.disk_write)
    exfuns_init                              0x0800ceb1   Thumb Code   114  exfuns.o(i.exfuns_init)
    f_close                                  0x0800cf35   Thumb Code    32  ff.o(i.f_close)
    f_mount                                  0x0800cf55   Thumb Code    86  ff.o(i.f_mount)
    f_open                                   0x0800cfb1   Thumb Code   384  ff.o(i.f_open)
    f_read                                   0x0800d131   Thumb Code   432  ff.o(i.f_read)
    f_sync                                   0x0800d2e1   Thumb Code   176  ff.o(i.f_sync)
    ff_convert                               0x0800d391   Thumb Code   146  mycc936.o(i.ff_convert)
    ff_memalloc                              0x0800d429   Thumb Code    14  diskio.o(i.ff_memalloc)
    ff_memfree                               0x0800d437   Thumb Code    14  diskio.o(i.ff_memfree)
    ff_wtoupper                              0x0800d445   Thumb Code    46  mycc936.o(i.ff_wtoupper)
    floor                                    0x0800d891   Thumb Code   204  floor.o(i.floor)
    font_init                                0x0800d9fd   Thumb Code    64  fontupd.o(i.font_init)
    fputc                                    0x0800da41   Thumb Code    24  usart.o(i.fputc)
    fupd_prog                                0x0800da5d   Thumb Code   134  fontupd.o(i.fupd_prog)
    get_3days_weather                        0x0800dbb9   Thumb Code   192  weather.o(i.get_3days_weather)
    get_beijing_time                         0x0800dd0d   Thumb Code   200  weather.o(i.get_beijing_time)
    get_current_weather                      0x0800dea5   Thumb Code   172  weather.o(i.get_current_weather)
    get_fat                                  0x0800dfd1   Thumb Code   242  ff.o(i.get_fat)
    get_fattime                              0x0800e0c3   Thumb Code     4  diskio.o(i.get_fattime)
    gui_draw_bigpoint                        0x0800e111   Thumb Code    80  lcd.o(i.gui_draw_bigpoint)
    gui_show_num                             0x0800e161   Thumb Code   256  lcd.o(i.gui_show_num)
    gui_show_ptchar                          0x0800e265   Thumb Code   380  lcd.o(i.gui_show_ptchar)
    main                                     0x0800e415   Thumb Code   602  main.o(i.main)
    my_free                                  0x0800e795   Thumb Code    26  malloc.o(i.my_free)
    my_malloc                                0x0800e7b5   Thumb Code    30  malloc.o(i.my_malloc)
    my_mem_free                              0x0800e7d9   Thumb Code    96  malloc.o(i.my_mem_free)
    my_mem_init                              0x0800e845   Thumb Code    54  malloc.o(i.my_mem_init)
    my_mem_malloc                            0x0800e889   Thumb Code   156  malloc.o(i.my_mem_malloc)
    my_mem_perused                           0x0800e931   Thumb Code    54  malloc.o(i.my_mem_perused)
    myfree                                   0x0800e971   Thumb Code    30  malloc.o(i.myfree)
    mymalloc                                 0x0800e995   Thumb Code    34  malloc.o(i.mymalloc)
    mymemset                                 0x0800e9bd   Thumb Code    20  malloc.o(i.mymemset)
    parse_3days_weather                      0x0800e9d1   Thumb Code   664  parsejson.o(i.parse_3days_weather)
    parse_now_weather                        0x0800ee81   Thumb Code   618  parsejson.o(i.parse_now_weather)
    pow                                      0x0800f6a9   Thumb Code  2478  pow.o(i.pow)
    put_fat                                  0x08010b91   Thumb Code   322  ff.o(i.put_fat)
    show_time                                0x08010d41   Thumb Code   136  main.o(i.show_time)
    show_weather                             0x08010dcd   Thumb Code   606  main.o(i.show_weather)
    sqrt                                     0x0801212b   Thumb Code    76  sqrt.o(i.sqrt)
    u3_printf                                0x080122fd   Thumb Code    72  usart3.o(i.u3_printf)
    uart_init                                0x0801234d   Thumb Code   152  usart.o(i.uart_init)
    updata_fontx                             0x080123ed   Thumb Code   346  fontupd.o(i.updata_fontx)
    update_font                              0x08012571   Thumb Code   784  fontupd.o(i.update_font)
    usart3_init                              0x08012905   Thumb Code   192  usart3.o(i.usart3_init)
    _get_lc_ctype                            0x08012a0d   Thumb Code    44  lc_ctype_c.o(locale$$code)
    _get_lc_numeric                          0x08012a39   Thumb Code    44  lc_numeric_c.o(locale$$code)
    __aeabi_dadd                             0x08012a65   Thumb Code     0  daddsub_clz.o(x$fpl$dadd)
    _dadd                                    0x08012a65   Thumb Code   332  daddsub_clz.o(x$fpl$dadd)
    __fpl_dcheck_NaN1                        0x08012bb5   Thumb Code    10  dcheck1.o(x$fpl$dcheck1)
    __fpl_dcmp_Inf                           0x08012bc5   Thumb Code    24  dcmpi.o(x$fpl$dcmpinf)
    __aeabi_ddiv                             0x08012bdd   Thumb Code     0  ddiv.o(x$fpl$ddiv)
    _ddiv                                    0x08012bdd   Thumb Code   552  ddiv.o(x$fpl$ddiv)
    __aeabi_cdcmpeq                          0x08012e8d   Thumb Code     0  deqf.o(x$fpl$deqf)
    _dcmpeq                                  0x08012e8d   Thumb Code   120  deqf.o(x$fpl$deqf)
    __aeabi_d2iz                             0x08012f05   Thumb Code     0  dfix.o(x$fpl$dfix)
    _dfix                                    0x08012f05   Thumb Code    94  dfix.o(x$fpl$dfix)
    __aeabi_d2uiz                            0x08012f65   Thumb Code     0  dfixu.o(x$fpl$dfixu)
    _dfixu                                   0x08012f65   Thumb Code    90  dfixu.o(x$fpl$dfixu)
    __aeabi_i2d                              0x08012fbf   Thumb Code     0  dflt_clz.o(x$fpl$dflt)
    _dflt                                    0x08012fbf   Thumb Code    46  dflt_clz.o(x$fpl$dflt)
    __aeabi_ui2d                             0x08012fed   Thumb Code     0  dflt_clz.o(x$fpl$dfltu)
    _dfltu                                   0x08012fed   Thumb Code    38  dflt_clz.o(x$fpl$dfltu)
    __aeabi_cdcmple                          0x08013015   Thumb Code     0  dleqf.o(x$fpl$dleqf)
    _dcmple                                  0x08013015   Thumb Code   120  dleqf.o(x$fpl$dleqf)
    __fpl_dcmple_InfNaN                      0x08013077   Thumb Code     0  dleqf.o(x$fpl$dleqf)
    __aeabi_dmul                             0x0801308d   Thumb Code     0  dmul.o(x$fpl$dmul)
    _dmul                                    0x0801308d   Thumb Code   332  dmul.o(x$fpl$dmul)
    __fpl_dnaninf                            0x080131e1   Thumb Code   156  dnaninf.o(x$fpl$dnaninf)
    __fpl_dretinf                            0x0801327d   Thumb Code    12  dretinf.o(x$fpl$dretinf)
    __aeabi_cdrcmple                         0x08013289   Thumb Code     0  drleqf.o(x$fpl$drleqf)
    _drcmple                                 0x08013289   Thumb Code   108  drleqf.o(x$fpl$drleqf)
    __aeabi_drsub                            0x080132f5   Thumb Code     0  daddsub_clz.o(x$fpl$drsb)
    _drsb                                    0x080132f5   Thumb Code    22  daddsub_clz.o(x$fpl$drsb)
    _dsqrt                                   0x0801330d   Thumb Code   456  dsqrt_noumaal.o(x$fpl$dsqrt)
    __aeabi_dsub                             0x080134d9   Thumb Code     0  daddsub_clz.o(x$fpl$dsub)
    _dsub                                    0x080134d9   Thumb Code   464  daddsub_clz.o(x$fpl$dsub)
    __aeabi_f2d                              0x080136ad   Thumb Code     0  f2d.o(x$fpl$f2d)
    _f2d                                     0x080136ad   Thumb Code    86  f2d.o(x$fpl$f2d)
    __aeabi_fadd                             0x08013705   Thumb Code     0  faddsub_clz.o(x$fpl$fadd)
    _fadd                                    0x08013705   Thumb Code   196  faddsub_clz.o(x$fpl$fadd)
    __fpl_fcmp_Inf                           0x080137c9   Thumb Code    24  fcmpi.o(x$fpl$fcmpinf)
    __aeabi_fdiv                             0x080137e1   Thumb Code     0  fdiv.o(x$fpl$fdiv)
    _fdiv                                    0x080137e1   Thumb Code   384  fdiv.o(x$fpl$fdiv)
    __aeabi_cfcmpeq                          0x08013965   Thumb Code     0  feqf.o(x$fpl$feqf)
    _fcmpeq                                  0x08013965   Thumb Code   104  feqf.o(x$fpl$feqf)
    __aeabi_f2iz                             0x080139cd   Thumb Code     0  ffix.o(x$fpl$ffix)
    _ffix                                    0x080139cd   Thumb Code    54  ffix.o(x$fpl$ffix)
    __aeabi_f2uiz                            0x08013a05   Thumb Code     0  ffixu.o(x$fpl$ffixu)
    _ffixu                                   0x08013a05   Thumb Code    62  ffixu.o(x$fpl$ffixu)
    __aeabi_i2f                              0x08013a45   Thumb Code     0  fflt_clz.o(x$fpl$fflt)
    _fflt                                    0x08013a45   Thumb Code    48  fflt_clz.o(x$fpl$fflt)
    __aeabi_ui2f                             0x08013a75   Thumb Code     0  fflt_clz.o(x$fpl$ffltu)
    _ffltu                                   0x08013a75   Thumb Code    38  fflt_clz.o(x$fpl$ffltu)
    __aeabi_fmul                             0x08013a9d   Thumb Code     0  fmul.o(x$fpl$fmul)
    _fmul                                    0x08013a9d   Thumb Code   258  fmul.o(x$fpl$fmul)
    __fpl_fnaninf                            0x08013b9f   Thumb Code   140  fnaninf.o(x$fpl$fnaninf)
    __fpl_fretinf                            0x08013c2b   Thumb Code    10  fretinf.o(x$fpl$fretinf)
    __aeabi_fsub                             0x08013c35   Thumb Code     0  faddsub_clz.o(x$fpl$fsub)
    _fsub                                    0x08013c35   Thumb Code   234  faddsub_clz.o(x$fpl$fsub)
    _printf_fp_dec                           0x08013d1f   Thumb Code     4  printf1.o(x$fpl$printf1)
    __fpl_return_NaN                         0x08013d23   Thumb Code   100  retnan.o(x$fpl$retnan)
    __ARM_scalbn                             0x08013d87   Thumb Code    92  scalbn.o(x$fpl$scalbn)
    __fpl_cmpreturn                          0x08013de3   Thumb Code    48  trapv.o(x$fpl$trapveneer)
    __I$use$fp                               0x08013e12   Number         0  usenofp.o(x$fpl$usenofp)
    asc2_1206                                0x08013e14   Data        1140  lcd.o(.constdata)
    asc2_1608                                0x08014288   Data        1520  lcd.o(.constdata)
    asc2_2412                                0x08014878   Data        3420  lcd.o(.constdata)
    APP_ASCII_5427                           0x080155d4   Data           4  lcd.o(.constdata)
    FT5206_TPX_TBL                           0x080155d8   Data          10  ft5206.o(.constdata)
    GT9147_CFG_TBL                           0x080155e2   Data         184  gt9147.o(.constdata)
    GT9147_TPX_TBL                           0x0801569a   Data          10  gt9147.o(.constdata)
    OTT_TPX_TBL                              0x080156a4   Data          10  ott2001a.o(.constdata)
    TP_REMIND_MSG_TBL                        0x080156b0   Data           4  touch.o(.constdata)
    table_week                               0x080156b4   Data          12  rtc.o(.constdata)
    mon_table                                0x080156c0   Data          12  rtc.o(.constdata)
    memtblsize                               0x080156cc   Data           8  malloc.o(.constdata)
    memblksize                               0x080156d4   Data           8  malloc.o(.constdata)
    memsize                                  0x080156dc   Data           8  malloc.o(.constdata)
    GBK24_PATH                               0x08015ae0   Data           4  fontupd.o(.constdata)
    GBK16_PATH                               0x08015ae4   Data           4  fontupd.o(.constdata)
    GBK12_PATH                               0x08015ae8   Data           4  fontupd.o(.constdata)
    UNIGBK_PATH                              0x08015aec   Data           4  fontupd.o(.constdata)
    mb_uni2gb_table                          0x08015af8   Data       41804  utf8togbk.o(.constdata)
    gImage_sunny                             0x0801fe44   Data        1300  picture.o(.constdata)
    gImage_fair                              0x08020358   Data        1300  picture.o(.constdata)
    gImage_cloudy                            0x0802086c   Data        1300  picture.o(.constdata)
    gImage_mostly_cloudy                     0x08020d80   Data        1300  picture.o(.constdata)
    gImage_partly_cloudy                     0x08021294   Data        1300  picture.o(.constdata)
    gImage_moon_cloudy                       0x080217a8   Data        1300  picture.o(.constdata)
    gImage_overcast                          0x08021cbc   Data        1300  picture.o(.constdata)
    gImage_shower_rain                       0x080221d0   Data        1300  picture.o(.constdata)
    gImage_thunder_shower                    0x080226e4   Data        1300  picture.o(.constdata)
    gImage_hail                              0x08022bf8   Data        1300  picture.o(.constdata)
    gImage_light_rain                        0x0802310c   Data        1300  picture.o(.constdata)
    gImage_moderate_rain                     0x08023620   Data        1300  picture.o(.constdata)
    gImage_heavy_rain                        0x08023b34   Data        1300  picture.o(.constdata)
    gImage_storm                             0x08024048   Data        1300  picture.o(.constdata)
    gImage_heavy_storm                       0x0802455c   Data        1300  picture.o(.constdata)
    gImage_severe_storm                      0x08024a70   Data        1300  picture.o(.constdata)
    gImage_freezing_rain                     0x08024f84   Data        1300  picture.o(.constdata)
    gImage_sleet                             0x08025498   Data        1300  picture.o(.constdata)
    gImage_snow_flurry                       0x080259ac   Data        1300  picture.o(.constdata)
    gImage_light_snow                        0x08025ec0   Data        1300  picture.o(.constdata)
    gImage_moderate_snow                     0x080263d4   Data        1300  picture.o(.constdata)
    gImage_heavy_snow                        0x080268e8   Data        1300  picture.o(.constdata)
    gImage_snow_storm                        0x08026dfc   Data        1300  picture.o(.constdata)
    gImage_dust                              0x08027310   Data        1300  picture.o(.constdata)
    gImage_sand                              0x08027824   Data        1300  picture.o(.constdata)
    gImage_dust_storm                        0x08027d38   Data        1300  picture.o(.constdata)
    gImage_sand_storm                        0x0802824c   Data        1300  picture.o(.constdata)
    gImage_foggy                             0x08028760   Data        1300  picture.o(.constdata)
    gImage_haze                              0x08028c74   Data        1300  picture.o(.constdata)
    gImage_windy                             0x08029188   Data        1300  picture.o(.constdata)
    gImage_gale                              0x0802969c   Data        1300  picture.o(.constdata)
    gImage_hurricane                         0x08029bb0   Data        1300  picture.o(.constdata)
    gImage_cold                              0x0802a0c4   Data        1300  picture.o(.constdata)
    gImage_hot                               0x0802a5d8   Data        1300  picture.o(.constdata)
    gImage_unknown                           0x0802aaec   Data        1300  picture.o(.constdata)
    __mathlib_zero                           0x0802b0d0   Data           8  qnan.o(.constdata)
    Region$$Table$$Base                      0x0802b3a8   Number         0  anon$$obj.o(Region$$Table)
    Region$$Table$$Limit                     0x0802b3c8   Number         0  anon$$obj.o(Region$$Table)
    __ctype                                  0x0802b3d5   Data           0  lc_ctype_c.o(locale$$data)
    SystemCoreClock                          0x20000000   Data           4  system_stm32f10x.o(.data)
    AHBPrescTable                            0x20000004   Data          16  system_stm32f10x.o(.data)
    __stdout                                 0x20000018   Data           4  usart.o(.data)
    USART_RX_STA                             0x2000001c   Data           2  usart.o(.data)
    asc2_5427                                0x20000020   Data           4  lcd.o(.data)
    POINT_COLOR                              0x20000024   Data           2  lcd.o(.data)
    BACK_COLOR                               0x20000026   Data           2  lcd.o(.data)
    TransferError                            0x20000032   Data           1  sdio_sdcard.o(.data)
    TransferEnd                              0x20000033   Data           1  sdio_sdcard.o(.data)
    tempbuff                                 0x20000034   Data           4  sdio_sdcard.o(.data)
    tp_dev                                   0x2000003c   Data          52  touch.o(.data)
    CMD_RDX                                  0x20000070   Data           1  touch.o(.data)
    CMD_RDY                                  0x20000071   Data           1  touch.o(.data)
    USART3_RX_STA                            0x20000072   Data           2  usart3.o(.data)
    W25QXX_TYPE                              0x20000074   Data           2  w25qxx.o(.data)
    mallco_dev                               0x2000008c   Data          28  malloc.o(.data)
    FLASH_SECTOR_COUNT                       0x200000a8   Data           2  diskio.o(.data)
    fs                                       0x200000b8   Data           8  exfuns.o(.data)
    file                                     0x200000c0   Data           4  exfuns.o(.data)
    ftemp                                    0x200000c4   Data           4  exfuns.o(.data)
    br                                       0x200000c8   Data           4  exfuns.o(.data)
    bw                                       0x200000cc   Data           4  exfuns.o(.data)
    fatbuf                                   0x200000d0   Data           4  exfuns.o(.data)
    wifista_ssid                             0x200000d4   Data           4  wifista.o(.data)
    wifista_encryption                       0x200000d8   Data           4  wifista.o(.data)
    wifista_password                         0x200000dc   Data           4  wifista.o(.data)
    ATK_ESP8266_ECN_TBL                      0x200000e0   Data          20  wifista.o(.data)
    USART_RX_BUF                             0x20000100   Data         200  usart.o(.bss)
    lcddev                                   0x200001c8   Data          14  lcd.o(.bss)
    SDIO_InitStructure                       0x200001d8   Data          24  sdio_sdcard.o(.bss)
    SDIO_CmdInitStructure                    0x200001f0   Data          20  sdio_sdcard.o(.bss)
    SDIO_DataInitStructure                   0x20000204   Data          24  sdio_sdcard.o(.bss)
    SDCardInfo                               0x20000240   Data          88  sdio_sdcard.o(.bss)
    SDIO_DATA_BUFFER                         0x20000298   Data         512  sdio_sdcard.o(.bss)
    USART3_RX_BUF                            0x20000498   Data        1500  usart3.o(.bss)
    USART3_TX_BUF                            0x20000a74   Data         600  usart3.o(.bss)
    W25QXX_BUFFER                            0x20000ccc   Data        4096  w25qxx.o(.bss)
    calendar                                 0x20001ccc   Data          10  rtc.o(.bss)
    mem1base                                 0x20001ce0   Data       40960  malloc.o(.bss)
    mem1mapbase                              0x2000bce0   Data        2560  malloc.o(.bss)
    ftinfo                                   0x2000c6e0   Data          33  fontupd.o(.bss)
    __libspace_start                         0x2000c704   Data          96  libspace.o(.bss)
    __temporary_stack_top$libspace           0x2000c764   Data           0  libspace.o(.bss)
    mem2base                                 0x68000000   Data       983040  malloc.o(.ARM.__AT_0x68000000)
    mem2mapbase                              0x680f0000   Data       61440  malloc.o(.ARM.__AT_0x680F0000)



==============================================================================

Memory Map of the image

  Image Entry point : 0x08000131

  Load Region LR_IROM1 (Base: 0x08000000, Size: 0x0002b5f4, Max: 0x00080000, ABSOLUTE)

    Execution Region ER_IROM1 (Base: 0x08000000, Size: 0x0002b4f4, Max: 0x00080000, ABSOLUTE)

    Base Addr    Size         Type   Attr      Idx    E Section Name        Object

    0x08000000   0x00000130   Data   RO          343    RESET               startup_stm32f10x_hd.o
    0x08000130   0x00000008   Code   RO         4796  * !!!main             c_w.l(__main.o)
    0x08000138   0x00000034   Code   RO         5193    !!!scatter          c_w.l(__scatter.o)
    0x0800016c   0x0000001a   Code   RO         5195    !!handler_copy      c_w.l(__scatter_copy.o)
    0x08000186   0x00000002   PAD
    0x08000188   0x0000001c   Code   RO         5197    !!handler_zi        c_w.l(__scatter_zi.o)
    0x080001a4   0x00000000   Code   RO         4771    .ARM.Collect$$_printf_percent$$00000000  c_w.l(_printf_percent.o)
    0x080001a4   0x00000006   Code   RO         4916    .ARM.Collect$$_printf_percent$$00000001  c_w.l(_printf_n.o)
    0x080001aa   0x00000006   Code   RO         4917    .ARM.Collect$$_printf_percent$$00000002  c_w.l(_printf_p.o)
    0x080001b0   0x00000006   Code   RO         4769    .ARM.Collect$$_printf_percent$$00000003  c_w.l(_printf_f.o)
    0x080001b6   0x00000006   Code   RO         4770    .ARM.Collect$$_printf_percent$$00000004  c_w.l(_printf_e.o)
    0x080001bc   0x00000006   Code   RO         4921    .ARM.Collect$$_printf_percent$$00000005  c_w.l(_printf_g.o)
    0x080001c2   0x00000006   Code   RO         4922    .ARM.Collect$$_printf_percent$$00000006  c_w.l(_printf_a.o)
    0x080001c8   0x0000000a   Code   RO         4927    .ARM.Collect$$_printf_percent$$00000007  c_w.l(_printf_ll.o)
    0x080001d2   0x00000006   Code   RO         4919    .ARM.Collect$$_printf_percent$$00000008  c_w.l(_printf_i.o)
    0x080001d8   0x00000006   Code   RO         4768    .ARM.Collect$$_printf_percent$$00000009  c_w.l(_printf_d.o)
    0x080001de   0x00000006   Code   RO         4920    .ARM.Collect$$_printf_percent$$0000000A  c_w.l(_printf_u.o)
    0x080001e4   0x00000006   Code   RO         4918    .ARM.Collect$$_printf_percent$$0000000B  c_w.l(_printf_o.o)
    0x080001ea   0x00000006   Code   RO         4767    .ARM.Collect$$_printf_percent$$0000000C  c_w.l(_printf_x.o)
    0x080001f0   0x00000006   Code   RO         4924    .ARM.Collect$$_printf_percent$$0000000D  c_w.l(_printf_lli.o)
    0x080001f6   0x00000006   Code   RO         4925    .ARM.Collect$$_printf_percent$$0000000E  c_w.l(_printf_lld.o)
    0x080001fc   0x00000006   Code   RO         4926    .ARM.Collect$$_printf_percent$$0000000F  c_w.l(_printf_llu.o)
    0x08000202   0x00000006   Code   RO         4931    .ARM.Collect$$_printf_percent$$00000010  c_w.l(_printf_llo.o)
    0x08000208   0x00000006   Code   RO         4932    .ARM.Collect$$_printf_percent$$00000011  c_w.l(_printf_llx.o)
    0x0800020e   0x0000000a   Code   RO         4928    .ARM.Collect$$_printf_percent$$00000012  c_w.l(_printf_l.o)
    0x08000218   0x00000006   Code   RO         4765    .ARM.Collect$$_printf_percent$$00000013  c_w.l(_printf_c.o)
    0x0800021e   0x00000006   Code   RO         4766    .ARM.Collect$$_printf_percent$$00000014  c_w.l(_printf_s.o)
    0x08000224   0x00000006   Code   RO         4929    .ARM.Collect$$_printf_percent$$00000015  c_w.l(_printf_lc.o)
    0x0800022a   0x00000006   Code   RO         4930    .ARM.Collect$$_printf_percent$$00000016  c_w.l(_printf_ls.o)
    0x08000230   0x00000004   Code   RO         4923    .ARM.Collect$$_printf_percent$$00000017  c_w.l(_printf_percent_end.o)
    0x08000234   0x00000002   Code   RO         5065    .ARM.Collect$$libinit$$00000000  c_w.l(libinit.o)
    0x08000236   0x00000000   Code   RO         5067    .ARM.Collect$$libinit$$00000002  c_w.l(libinit2.o)
    0x08000236   0x00000000   Code   RO         5069    .ARM.Collect$$libinit$$00000004  c_w.l(libinit2.o)
    0x08000236   0x00000000   Code   RO         5072    .ARM.Collect$$libinit$$0000000A  c_w.l(libinit2.o)
    0x08000236   0x00000000   Code   RO         5074    .ARM.Collect$$libinit$$0000000C  c_w.l(libinit2.o)
    0x08000236   0x00000000   Code   RO         5076    .ARM.Collect$$libinit$$0000000E  c_w.l(libinit2.o)
    0x08000236   0x00000006   Code   RO         5077    .ARM.Collect$$libinit$$0000000F  c_w.l(libinit2.o)
    0x0800023c   0x00000000   Code   RO         5079    .ARM.Collect$$libinit$$00000011  c_w.l(libinit2.o)
    0x0800023c   0x0000000c   Code   RO         5080    .ARM.Collect$$libinit$$00000012  c_w.l(libinit2.o)
    0x08000248   0x00000000   Code   RO         5081    .ARM.Collect$$libinit$$00000013  c_w.l(libinit2.o)
    0x08000248   0x00000000   Code   RO         5083    .ARM.Collect$$libinit$$00000015  c_w.l(libinit2.o)
    0x08000248   0x0000000a   Code   RO         5084    .ARM.Collect$$libinit$$00000016  c_w.l(libinit2.o)
    0x08000252   0x00000000   Code   RO         5085    .ARM.Collect$$libinit$$00000017  c_w.l(libinit2.o)
    0x08000252   0x00000000   Code   RO         5087    .ARM.Collect$$libinit$$00000019  c_w.l(libinit2.o)
    0x08000252   0x00000000   Code   RO         5089    .ARM.Collect$$libinit$$0000001B  c_w.l(libinit2.o)
    0x08000252   0x00000000   Code   RO         5091    .ARM.Collect$$libinit$$0000001D  c_w.l(libinit2.o)
    0x08000252   0x00000000   Code   RO         5093    .ARM.Collect$$libinit$$0000001F  c_w.l(libinit2.o)
    0x08000252   0x00000000   Code   RO         5095    .ARM.Collect$$libinit$$00000021  c_w.l(libinit2.o)
    0x08000252   0x00000000   Code   RO         5097    .ARM.Collect$$libinit$$00000023  c_w.l(libinit2.o)
    0x08000252   0x00000000   Code   RO         5099    .ARM.Collect$$libinit$$00000025  c_w.l(libinit2.o)
    0x08000252   0x00000000   Code   RO         5103    .ARM.Collect$$libinit$$0000002C  c_w.l(libinit2.o)
    0x08000252   0x00000000   Code   RO         5105    .ARM.Collect$$libinit$$0000002E  c_w.l(libinit2.o)
    0x08000252   0x00000000   Code   RO         5107    .ARM.Collect$$libinit$$00000030  c_w.l(libinit2.o)
    0x08000252   0x00000000   Code   RO         5109    .ARM.Collect$$libinit$$00000032  c_w.l(libinit2.o)
    0x08000252   0x00000002   Code   RO         5110    .ARM.Collect$$libinit$$00000033  c_w.l(libinit2.o)
    0x08000254   0x00000002   Code   RO         5156    .ARM.Collect$$libshutdown$$00000000  c_w.l(libshutdown.o)
    0x08000256   0x00000000   Code   RO         5164    .ARM.Collect$$libshutdown$$00000003  c_w.l(libshutdown2.o)
    0x08000256   0x00000000   Code   RO         5167    .ARM.Collect$$libshutdown$$00000006  c_w.l(libshutdown2.o)
    0x08000256   0x00000000   Code   RO         5170    .ARM.Collect$$libshutdown$$00000009  c_w.l(libshutdown2.o)
    0x08000256   0x00000000   Code   RO         5172    .ARM.Collect$$libshutdown$$0000000B  c_w.l(libshutdown2.o)
    0x08000256   0x00000000   Code   RO         5175    .ARM.Collect$$libshutdown$$0000000E  c_w.l(libshutdown2.o)
    0x08000256   0x00000002   Code   RO         5176    .ARM.Collect$$libshutdown$$0000000F  c_w.l(libshutdown2.o)
    0x08000258   0x00000000   Code   RO         4882    .ARM.Collect$$rtentry$$00000000  c_w.l(__rtentry.o)
    0x08000258   0x00000000   Code   RO         4974    .ARM.Collect$$rtentry$$00000002  c_w.l(__rtentry2.o)
    0x08000258   0x00000006   Code   RO         4986    .ARM.Collect$$rtentry$$00000004  c_w.l(__rtentry4.o)
    0x0800025e   0x00000000   Code   RO         4976    .ARM.Collect$$rtentry$$00000009  c_w.l(__rtentry2.o)
    0x0800025e   0x00000004   Code   RO         4977    .ARM.Collect$$rtentry$$0000000A  c_w.l(__rtentry2.o)
    0x08000262   0x00000000   Code   RO         4979    .ARM.Collect$$rtentry$$0000000C  c_w.l(__rtentry2.o)
    0x08000262   0x00000008   Code   RO         4980    .ARM.Collect$$rtentry$$0000000D  c_w.l(__rtentry2.o)
    0x0800026a   0x00000002   Code   RO         5113    .ARM.Collect$$rtexit$$00000000  c_w.l(rtexit.o)
    0x0800026c   0x00000000   Code   RO         5126    .ARM.Collect$$rtexit$$00000002  c_w.l(rtexit2.o)
    0x0800026c   0x00000004   Code   RO         5127    .ARM.Collect$$rtexit$$00000003  c_w.l(rtexit2.o)
    0x08000270   0x00000006   Code   RO         5128    .ARM.Collect$$rtexit$$00000004  c_w.l(rtexit2.o)
    0x08000276   0x00000002   PAD
    0x08000278   0x00000040   Code   RO          344    .text               startup_stm32f10x_hd.o
    0x080002b8   0x00000002   Code   RO         4700    .text               c_w.l(use_no_semi_2.o)
    0x080002ba   0x00000048   Code   RO         4702    .text               c_w.l(llsdiv.o)
    0x08000302   0x0000001a   Code   RO         4704    .text               c_w.l(tolower.o)
    0x0800031c   0x00000024   Code   RO         4706    .text               c_w.l(c89vsprintf.o)
    0x08000340   0x00000018   Code   RO         4708    .text               c_w.l(__2printf.o)
    0x08000358   0x0000002c   Code   RO         4710    .text               c_w.l(__2sprintf.o)
    0x08000384   0x0000004e   Code   RO         4718    .text               c_w.l(_printf_pad.o)
    0x080003d2   0x00000052   Code   RO         4720    .text               c_w.l(_printf_str.o)
    0x08000424   0x00000078   Code   RO         4722    .text               c_w.l(_printf_dec.o)
    0x0800049c   0x00000094   Code   RO         4742    .text               c_w.l(_printf_hex_int_ll_ptr.o)
    0x08000530   0x00000188   Code   RO         4762    .text               c_w.l(__printf_flags_ss_wp.o)
    0x080006b8   0x00000014   Code   RO         4772    .text               c_w.l(strchr.o)
    0x080006cc   0x00000024   Code   RO         4774    .text               c_w.l(strstr.o)
    0x080006f0   0x00000048   Code   RO         4776    .text               c_w.l(strcpy.o)
    0x08000738   0x0000003e   Code   RO         4778    .text               c_w.l(strlen.o)
    0x08000776   0x00000096   Code   RO         4780    .text               c_w.l(strncmp.o)
    0x0800080c   0x00000018   Code   RO         4782    .text               c_w.l(strcat.o)
    0x08000824   0x0000008a   Code   RO         4784    .text               c_w.l(rt_memcpy_v6.o)
    0x080008ae   0x00000064   Code   RO         4786    .text               c_w.l(rt_memcpy_w.o)
    0x08000912   0x00000044   Code   RO         4788    .text               c_w.l(rt_memclr.o)
    0x08000956   0x0000004e   Code   RO         4790    .text               c_w.l(rt_memclr_w.o)
    0x080009a4   0x00000080   Code   RO         4792    .text               c_w.l(strcmpv7m.o)
    0x08000a24   0x00000006   Code   RO         4794    .text               c_w.l(heapauxi.o)
    0x08000a2a   0x00000002   Code   RO         4880    .text               c_w.l(use_no_semi.o)
    0x08000a2c   0x00000010   Code   RO         4883    .text               c_w.l(rt_ctype_table.o)
    0x08000a3c   0x000000ee   Code   RO         4885    .text               c_w.l(lludivv7m.o)
    0x08000b2a   0x00000016   Code   RO         4887    .text               c_w.l(_rserrno.o)
    0x08000b40   0x00000024   Code   RO         4889    .text               c_w.l(_printf_truncate.o)
    0x08000b64   0x000000b2   Code   RO         4891    .text               c_w.l(_printf_intcommon.o)
    0x08000c16   0x00000028   Code   RO         4893    .text               c_w.l(_printf_charcount.o)
    0x08000c3e   0x0000041a   Code   RO         4895    .text               c_w.l(_printf_fp_dec.o)
    0x08001058   0x00000030   Code   RO         4897    .text               c_w.l(_printf_char_common.o)
    0x08001088   0x0000000a   Code   RO         4899    .text               c_w.l(_sputc.o)
    0x08001092   0x0000002c   Code   RO         4901    .text               c_w.l(_printf_char.o)
    0x080010be   0x00000002   PAD
    0x080010c0   0x00000024   Code   RO         4903    .text               c_w.l(_printf_char_file.o)
    0x080010e4   0x000000bc   Code   RO         4905    .text               c_w.l(_printf_wctomb.o)
    0x080011a0   0x0000007c   Code   RO         4908    .text               c_w.l(_printf_longlong_dec.o)
    0x0800121c   0x00000070   Code   RO         4914    .text               c_w.l(_printf_oct_int_ll.o)
    0x0800128c   0x00000008   Code   RO         4995    .text               c_w.l(rt_locale_intlibspace.o)
    0x08001294   0x00000008   Code   RO         5000    .text               c_w.l(rt_errno_addr_intlibspace.o)
    0x0800129c   0x0000008a   Code   RO         5002    .text               c_w.l(lludiv10.o)
    0x08001326   0x00000002   PAD
    0x08001328   0x00000080   Code   RO         5004    .text               c_w.l(_printf_fp_infnan.o)
    0x080013a8   0x0000002c   Code   RO         5008    .text               c_w.l(_printf_wchar.o)
    0x080013d4   0x000000dc   Code   RO         5010    .text               c_w.l(bigflt0.o)
    0x080014b0   0x00000008   Code   RO         5035    .text               c_w.l(ferror.o)
    0x080014b8   0x00000040   Code   RO         5039    .text               c_w.l(_wcrtomb.o)
    0x080014f8   0x00000008   Code   RO         5051    .text               c_w.l(libspace.o)
    0x08001500   0x0000004a   Code   RO         5054    .text               c_w.l(sys_stackheap_outer.o)
    0x0800154a   0x0000000c   Code   RO         5058    .text               c_w.l(exit.o)
    0x08001556   0x0000003e   Code   RO         5013    CL$$btod_d2e        c_w.l(btod.o)
    0x08001594   0x00000046   Code   RO         5015    CL$$btod_d2e_denorm_low  c_w.l(btod.o)
    0x080015da   0x00000060   Code   RO         5014    CL$$btod_d2e_norm_op1  c_w.l(btod.o)
    0x0800163a   0x00000338   Code   RO         5023    CL$$btod_div_common  c_w.l(btod.o)
    0x08001972   0x000000c6   Code   RO         5020    CL$$btod_e2e        c_w.l(btod.o)
    0x08001a38   0x00000028   Code   RO         5017    CL$$btod_ediv       c_w.l(btod.o)
    0x08001a60   0x00000028   Code   RO         5016    CL$$btod_emul       c_w.l(btod.o)
    0x08001a88   0x00000244   Code   RO         5022    CL$$btod_mult_common  c_w.l(btod.o)
    0x08001ccc   0x00000008   Code   RO          450    i.AT24CXX_Init      24cxx.o
    0x08001cd4   0x00000022   Code   RO          451    i.AT24CXX_Read      24cxx.o
    0x08001cf6   0x00000058   Code   RO          453    i.AT24CXX_ReadOneByte  24cxx.o
    0x08001d4e   0x00000024   Code   RO          454    i.AT24CXX_Write     24cxx.o
    0x08001d72   0x00000050   Code   RO          456    i.AT24CXX_WriteOneByte  24cxx.o
    0x08001dc2   0x00000010   Code   RO         3212    i.BKP_DeInit        stm32f10x_bkp.o
    0x08001dd2   0x00000002   PAD
    0x08001dd4   0x0000001c   Code   RO         3217    i.BKP_ReadBackupRegister  stm32f10x_bkp.o
    0x08001df0   0x0000001c   Code   RO         3221    i.BKP_WriteBackupRegister  stm32f10x_bkp.o
    0x08001e0c   0x00000004   Code   RO          207    i.BusFault_Handler  stm32f10x_it.o
    0x08001e10   0x0000000a   Code   RO         1078    i.CT_Delay          ctiic.o
    0x08001e1a   0x00000002   PAD
    0x08001e1c   0x00000054   Code   RO         1079    i.CT_IIC_Ack        ctiic.o
    0x08001e70   0x00000050   Code   RO         1080    i.CT_IIC_Init       ctiic.o
    0x08001ec0   0x00000054   Code   RO         1081    i.CT_IIC_NAck       ctiic.o
    0x08001f14   0x00000070   Code   RO         1082    i.CT_IIC_Read_Byte  ctiic.o
    0x08001f84   0x00000064   Code   RO         1083    i.CT_IIC_Send_Byte  ctiic.o
    0x08001fe8   0x0000004c   Code   RO         1084    i.CT_IIC_Start      ctiic.o
    0x08002034   0x00000048   Code   RO         1085    i.CT_IIC_Stop       ctiic.o
    0x0800207c   0x00000064   Code   RO         1086    i.CT_IIC_Wait_Ack   ctiic.o
    0x080020e0   0x00000030   Code   RO          829    i.CmdError          sdio_sdcard.o
    0x08002110   0x00000060   Code   RO          830    i.CmdResp1Error     sdio_sdcard.o
    0x08002170   0x00000054   Code   RO          831    i.CmdResp2Error     sdio_sdcard.o
    0x080021c4   0x00000038   Code   RO          832    i.CmdResp3Error     sdio_sdcard.o
    0x080021fc   0x00000090   Code   RO          833    i.CmdResp6Error     sdio_sdcard.o
    0x0800228c   0x0000004c   Code   RO          834    i.CmdResp7Error     sdio_sdcard.o
    0x080022d8   0x00000018   Code   RO         1594    i.DMA_Cmd           stm32f10x_dma.o
    0x080022f0   0x0000014c   Code   RO         1595    i.DMA_DeInit        stm32f10x_dma.o
    0x0800243c   0x0000003c   Code   RO         1600    i.DMA_Init          stm32f10x_dma.o
    0x08002478   0x00000002   Code   RO          208    i.DebugMon_Handler  stm32f10x_it.o
    0x0800247a   0x00000002   PAD
    0x0800247c   0x00000034   Code   RO         1729    i.FSMC_NORSRAMCmd   stm32f10x_fsmc.o
    0x080024b0   0x000000e6   Code   RO         1731    i.FSMC_NORSRAMInit  stm32f10x_fsmc.o
    0x08002596   0x00000002   PAD
    0x08002598   0x000000f0   Code   RO         1141    i.FT5206_Init       ft5206.o
    0x08002688   0x00000058   Code   RO         1142    i.FT5206_RD_Reg     ft5206.o
    0x080026e0   0x0000019c   Code   RO         1143    i.FT5206_Scan       ft5206.o
    0x0800287c   0x00000052   Code   RO         1144    i.FT5206_WR_Reg     ft5206.o
    0x080028ce   0x00000002   PAD
    0x080028d0   0x00000194   Code   RO          835    i.FindSCR           sdio_sdcard.o
    0x08002a64   0x00000116   Code   RO         1844    i.GPIO_Init         stm32f10x_gpio.o
    0x08002b7a   0x00000012   Code   RO         1848    i.GPIO_ReadInputDataBit  stm32f10x_gpio.o
    0x08002b8c   0x00000004   Code   RO         1851    i.GPIO_ResetBits    stm32f10x_gpio.o
    0x08002b90   0x00000004   Code   RO         1852    i.GPIO_SetBits      stm32f10x_gpio.o
    0x08002b94   0x00000140   Code   RO         1178    i.GT9147_Init       gt9147.o
    0x08002cd4   0x00000062   Code   RO         1179    i.GT9147_RD_Reg     gt9147.o
    0x08002d36   0x00000002   PAD
    0x08002d38   0x00000200   Code   RO         1180    i.GT9147_Scan       gt9147.o
    0x08002f38   0x0000005c   Code   RO         1181    i.GT9147_Send_Cfg   gt9147.o
    0x08002f94   0x0000005c   Code   RO         1182    i.GT9147_WR_Reg     gt9147.o
    0x08002ff0   0x000000e0   Code   RO         4166    i.Get_HzMat         text.o
    0x080030d0   0x00000004   Code   RO          209    i.HardFault_Handler  stm32f10x_it.o
    0x080030d4   0x00000050   Code   RO          509    i.IIC_Ack           myiic.o
    0x08003124   0x00000034   Code   RO          510    i.IIC_Init          myiic.o
    0x08003158   0x00000050   Code   RO          511    i.IIC_NAck          myiic.o
    0x080031a8   0x00000070   Code   RO          512    i.IIC_Read_Byte     myiic.o
    0x08003218   0x00000074   Code   RO          513    i.IIC_Send_Byte     myiic.o
    0x0800328c   0x0000004c   Code   RO          514    i.IIC_Start         myiic.o
    0x080032d8   0x0000004c   Code   RO          515    i.IIC_Stop          myiic.o
    0x08003324   0x00000064   Code   RO          516    i.IIC_Wait_Ack      myiic.o
    0x08003388   0x00000004   Code   RO          375    i.INTX_DISABLE      sys.o
    0x0800338c   0x00000004   Code   RO          376    i.INTX_ENABLE       sys.o
    0x08003390   0x0000009c   Code   RO          836    i.IsCardProgramming  sdio_sdcard.o
    0x0800342c   0x0000003a   Code   RO         1495    i.Is_Leap_Year      rtc.o
    0x08003466   0x00000002   PAD
    0x08003468   0x0000003c   Code   RO          563    i.KEY_Init          key.o
    0x080034a4   0x000000c8   Code   RO          564    i.KEY_Scan          key.o
    0x0800356c   0x0000006c   Code   RO          583    i.LCD_Clear         lcd.o
    0x080035d8   0x000001c0   Code   RO          587    i.LCD_Display_Dir   lcd.o
    0x08003798   0x000000b0   Code   RO          588    i.LCD_DrawLine      lcd.o
    0x08003848   0x00000024   Code   RO          589    i.LCD_DrawPoint     lcd.o
    0x0800386c   0x00000098   Code   RO          591    i.LCD_Draw_Circle   lcd.o
    0x08003904   0x00000084   Code   RO          592    i.LCD_Draw_Picture  lcd.o
    0x08003988   0x0000017c   Code   RO          593    i.LCD_Fast_DrawPoint  lcd.o
    0x08003b04   0x000000bc   Code   RO          594    i.LCD_Fill          lcd.o
    0x08003bc0   0x00003774   Code   RO          595    i.LCD_Init          lcd.o
    0x08007334   0x00000016   Code   RO          596    i.LCD_Pow           lcd.o
    0x0800734a   0x00000002   PAD
    0x0800734c   0x00000014   Code   RO          597    i.LCD_RD_DATA       lcd.o
    0x08007360   0x00000016   Code   RO          599    i.LCD_ReadReg       lcd.o
    0x08007376   0x00000002   PAD
    0x08007378   0x00000054   Code   RO          600    i.LCD_SSD_BackLightSet  lcd.o
    0x080073cc   0x000002ec   Code   RO          601    i.LCD_Scan_Dir      lcd.o
    0x080076b8   0x000001a8   Code   RO          602    i.LCD_SetCursor     lcd.o
    0x08007860   0x00000128   Code   RO          604    i.LCD_ShowChar      lcd.o
    0x08007988   0x00000094   Code   RO          605    i.LCD_ShowNum       lcd.o
    0x08007a1c   0x00000066   Code   RO          606    i.LCD_ShowString    lcd.o
    0x08007a82   0x000000be   Code   RO          607    i.LCD_ShowxNum      lcd.o
    0x08007b40   0x0000000c   Code   RO          608    i.LCD_WR_DATA       lcd.o
    0x08007b4c   0x0000000c   Code   RO          609    i.LCD_WR_REG        lcd.o
    0x08007b58   0x00000014   Code   RO          611    i.LCD_WriteRAM_Prepare  lcd.o
    0x08007b6c   0x00000010   Code   RO          612    i.LCD_WriteReg      lcd.o
    0x08007b7c   0x0000004c   Code   RO          817    i.LED_Init          led.o
    0x08007bc8   0x00000004   Code   RO          210    i.MemManage_Handler  stm32f10x_it.o
    0x08007bcc   0x00000002   Code   RO          211    i.NMI_Handler       stm32f10x_it.o
    0x08007bce   0x00000002   PAD
    0x08007bd0   0x00000070   Code   RO         1556    i.NVIC_Init         misc.o
    0x08007c40   0x00000014   Code   RO         1557    i.NVIC_PriorityGroupConfig  misc.o
    0x08007c54   0x000000b4   Code   RO         1218    i.OTT2001A_Init     ott2001a.o
    0x08007d08   0x00000062   Code   RO         1219    i.OTT2001A_RD_Reg   ott2001a.o
    0x08007d6a   0x00000002   PAD
    0x08007d6c   0x000001e0   Code   RO         1220    i.OTT2001A_Scan     ott2001a.o
    0x08007f4c   0x0000001c   Code   RO         1221    i.OTT2001A_SensorControl  ott2001a.o
    0x08007f68   0x0000005c   Code   RO         1222    i.OTT2001A_WR_Reg   ott2001a.o
    0x08007fc4   0x0000000c   Code   RO         3288    i.PWR_BackupAccessCmd  stm32f10x_pwr.o
    0x08007fd0   0x00000002   Code   RO          212    i.PendSV_Handler    stm32f10x_it.o
    0x08007fd2   0x00000002   PAD
    0x08007fd4   0x00000020   Code   RO         1953    i.RCC_AHBPeriphClockCmd  stm32f10x_rcc.o
    0x08007ff4   0x00000020   Code   RO         1954    i.RCC_APB1PeriphClockCmd  stm32f10x_rcc.o
    0x08008014   0x00000020   Code   RO         1955    i.RCC_APB1PeriphResetCmd  stm32f10x_rcc.o
    0x08008034   0x00000020   Code   RO         1956    i.RCC_APB2PeriphClockCmd  stm32f10x_rcc.o
    0x08008054   0x00000020   Code   RO         1957    i.RCC_APB2PeriphResetCmd  stm32f10x_rcc.o
    0x08008074   0x0000000c   Code   RO         1959    i.RCC_BackupResetCmd  stm32f10x_rcc.o
    0x08008080   0x000000d4   Code   RO         1964    i.RCC_GetClocksFreq  stm32f10x_rcc.o
    0x08008154   0x0000003c   Code   RO         1965    i.RCC_GetFlagStatus  stm32f10x_rcc.o
    0x08008190   0x00000034   Code   RO         1972    i.RCC_LSEConfig     stm32f10x_rcc.o
    0x080081c4   0x0000000c   Code   RO         1979    i.RCC_RTCCLKCmd     stm32f10x_rcc.o
    0x080081d0   0x00000010   Code   RO         1980    i.RCC_RTCCLKConfig  stm32f10x_rcc.o
    0x080081e0   0x00000010   Code   RO         3349    i.RTC_ClearITPendingBit  stm32f10x_rtc.o
    0x080081f0   0x00000014   Code   RO         3350    i.RTC_EnterConfigMode  stm32f10x_rtc.o
    0x08008204   0x00000014   Code   RO         3351    i.RTC_ExitConfigMode  stm32f10x_rtc.o
    0x08008218   0x00000100   Code   RO         1497    i.RTC_Get           rtc.o
    0x08008318   0x00000014   Code   RO         3352    i.RTC_GetCounter    stm32f10x_rtc.o
    0x0800832c   0x00000024   Code   RO         3355    i.RTC_GetITStatus   stm32f10x_rtc.o
    0x08008350   0x00000078   Code   RO         1498    i.RTC_Get_Week      rtc.o
    0x080083c8   0x0000002c   Code   RO         1499    i.RTC_IRQHandler    rtc.o
    0x080083f4   0x00000020   Code   RO         3356    i.RTC_ITConfig      stm32f10x_rtc.o
    0x08008414   0x000000c0   Code   RO         1500    i.RTC_Init          rtc.o
    0x080084d4   0x00000020   Code   RO         1501    i.RTC_NVIC_Config   rtc.o
    0x080084f4   0x000000c8   Code   RO         1502    i.RTC_Set           rtc.o
    0x080085bc   0x0000001c   Code   RO         3358    i.RTC_SetCounter    stm32f10x_rtc.o
    0x080085d8   0x00000020   Code   RO         3359    i.RTC_SetPrescaler  stm32f10x_rtc.o
    0x080085f8   0x00000014   Code   RO         3360    i.RTC_WaitForLastTask  stm32f10x_rtc.o
    0x0800860c   0x00000024   Code   RO         3361    i.RTC_WaitForSynchro  stm32f10x_rtc.o
    0x08008630   0x000000ac   Code   RO          837    i.SDEnWideBus       sdio_sdcard.o
    0x080086dc   0x0000000c   Code   RO         2153    i.SDIO_ClearFlag    stm32f10x_sdio.o
    0x080086e8   0x0000000c   Code   RO         2155    i.SDIO_ClockCmd     stm32f10x_sdio.o
    0x080086f4   0x00000014   Code   RO          838    i.SDIO_Clock_Set    sdio_sdcard.o
    0x08008708   0x0000000c   Code   RO         2158    i.SDIO_DMACmd       stm32f10x_sdio.o
    0x08008714   0x00000030   Code   RO         2159    i.SDIO_DataConfig   stm32f10x_sdio.o
    0x08008744   0x00000024   Code   RO         2161    i.SDIO_DeInit       stm32f10x_sdio.o
    0x08008768   0x00000018   Code   RO         2165    i.SDIO_GetFlagStatus  stm32f10x_sdio.o
    0x08008780   0x00000010   Code   RO         2167    i.SDIO_GetPowerState  stm32f10x_sdio.o
    0x08008790   0x00000008   Code   RO          839    i.SDIO_IRQHandler   sdio_sdcard.o
    0x08008798   0x00000030   Code   RO         2170    i.SDIO_Init         stm32f10x_sdio.o
    0x080087c8   0x0000000c   Code   RO         2171    i.SDIO_ReadData     stm32f10x_sdio.o
    0x080087d4   0x0000002c   Code   RO         2173    i.SDIO_SendCommand  stm32f10x_sdio.o
    0x08008800   0x0000001c   Code   RO         2175    i.SDIO_SetPowerState  stm32f10x_sdio.o
    0x0800881c   0x0000000c   Code   RO         2181    i.SDIO_WriteData    stm32f10x_sdio.o
    0x08008828   0x00000068   Code   RO          840    i.SD_DMA_Config     sdio_sdcard.o
    0x08008890   0x00000068   Code   RO          841    i.SD_EnableWideBusOperation  sdio_sdcard.o
    0x080088f8   0x00000314   Code   RO          842    i.SD_GetCardInfo    sdio_sdcard.o
    0x08008c0c   0x00000100   Code   RO          844    i.SD_Init           sdio_sdcard.o
    0x08008d0c   0x00000154   Code   RO          845    i.SD_InitializeCards  sdio_sdcard.o
    0x08008e60   0x000001dc   Code   RO          847    i.SD_PowerON        sdio_sdcard.o
    0x0800903c   0x0000013c   Code   RO          848    i.SD_ProcessIRQSrc  sdio_sdcard.o
    0x08009178   0x00000258   Code   RO          849    i.SD_ReadBlock      sdio_sdcard.o
    0x080093d0   0x000000a0   Code   RO          850    i.SD_ReadDisk       sdio_sdcard.o
    0x08009470   0x000002e8   Code   RO          851    i.SD_ReadMultiBlocks  sdio_sdcard.o
    0x08009758   0x00000030   Code   RO          852    i.SD_SelectDeselect  sdio_sdcard.o
    0x08009788   0x00000018   Code   RO          854    i.SD_SetDeviceMode  sdio_sdcard.o
    0x080097a0   0x00000374   Code   RO          855    i.SD_WriteBlock     sdio_sdcard.o
    0x08009b14   0x000000a0   Code   RO          856    i.SD_WriteDisk      sdio_sdcard.o
    0x08009bb4   0x000003c0   Code   RO          857    i.SD_WriteMultiBlocks  sdio_sdcard.o
    0x08009f74   0x00000094   Code   RO         1029    i.SPI2_Init         spi.o
    0x0800a008   0x00000054   Code   RO         1030    i.SPI2_ReadWriteByte  spi.o
    0x0800a05c   0x00000028   Code   RO         1031    i.SPI2_SetSpeed     spi.o
    0x0800a084   0x00000018   Code   RO         2343    i.SPI_Cmd           stm32f10x_spi.o
    0x0800a09c   0x00000012   Code   RO         2351    i.SPI_I2S_GetFlagStatus  stm32f10x_spi.o
    0x0800a0ae   0x00000006   Code   RO         2354    i.SPI_I2S_ReceiveData  stm32f10x_spi.o
    0x0800a0b4   0x00000004   Code   RO         2355    i.SPI_I2S_SendData  stm32f10x_spi.o
    0x0800a0b8   0x0000003c   Code   RO         2356    i.SPI_Init          stm32f10x_spi.o
    0x0800a0f4   0x00000002   Code   RO          213    i.SVC_Handler       stm32f10x_it.o
    0x0800a0f6   0x00000008   Code   RO          296    i.SetSysClock       system_stm32f10x.o
    0x0800a0fe   0x00000002   PAD
    0x0800a100   0x000000e0   Code   RO          297    i.SetSysClockTo72   system_stm32f10x.o
    0x0800a1e0   0x000000c8   Code   RO         4167    i.Show_Font         text.o
    0x0800a2a8   0x000000c2   Code   RO         4168    i.Show_Str          text.o
    0x0800a36a   0x00000002   PAD
    0x0800a36c   0x000000b8   Code   RO         4671    i.SwitchToGbk       utf8togbk.o
    0x0800a424   0x00000028   Code   RO         1560    i.SysTick_CLKSourceConfig  misc.o
    0x0800a44c   0x00000002   Code   RO          214    i.SysTick_Handler   stm32f10x_it.o
    0x0800a44e   0x00000002   PAD
    0x0800a450   0x00000060   Code   RO          299    i.SystemInit        system_stm32f10x.o
    0x0800a4b0   0x00000034   Code   RO         1056    i.TIM7_IRQHandler   timer.o
    0x0800a4e4   0x00000060   Code   RO         1057    i.TIM7_Int_Init     timer.o
    0x0800a544   0x00000006   Code   RO         2493    i.TIM_ClearITPendingBit  stm32f10x_tim.o
    0x0800a54a   0x00000018   Code   RO         2498    i.TIM_Cmd           stm32f10x_tim.o
    0x0800a562   0x00000022   Code   RO         2519    i.TIM_GetITStatus   stm32f10x_tim.o
    0x0800a584   0x00000012   Code   RO         2523    i.TIM_ITConfig      stm32f10x_tim.o
    0x0800a596   0x00000004   Code   RO         2563    i.TIM_SetCounter    stm32f10x_tim.o
    0x0800a59a   0x00000002   PAD
    0x0800a59c   0x000000a4   Code   RO         2569    i.TIM_TimeBaseInit  stm32f10x_tim.o
    0x0800a640   0x000001a8   Code   RO         1258    i.TP_Adj_Info_Show  touch.o
    0x0800a7e8   0x0000085c   Code   RO         1259    i.TP_Adjust         touch.o
    0x0800b044   0x00000070   Code   RO         1261    i.TP_Drow_Touch_Point  touch.o
    0x0800b0b4   0x00000050   Code   RO         1262    i.TP_Get_Adjdata    touch.o
    0x0800b104   0x00000168   Code   RO         1263    i.TP_Init           touch.o
    0x0800b26c   0x00000094   Code   RO         1264    i.TP_Read_AD        touch.o
    0x0800b300   0x00000078   Code   RO         1265    i.TP_Read_XOY       touch.o
    0x0800b378   0x00000030   Code   RO         1266    i.TP_Read_XY        touch.o
    0x0800b3a8   0x000000c0   Code   RO         1267    i.TP_Read_XY2       touch.o
    0x0800b468   0x0000001c   Code   RO         1268    i.TP_Save_Adjdata   touch.o
    0x0800b484   0x00000110   Code   RO         1269    i.TP_Scan           touch.o
    0x0800b594   0x0000004c   Code   RO         1270    i.TP_Write_Byte     touch.o
    0x0800b5e0   0x00000088   Code   RO          402    i.USART1_IRQHandler  usart.o
    0x0800b668   0x00000070   Code   RO         1354    i.USART3_IRQHandler  usart3.o
    0x0800b6d8   0x00000018   Code   RO         3034    i.USART_Cmd         stm32f10x_usart.o
    0x0800b6f0   0x0000009c   Code   RO         3036    i.USART_DeInit      stm32f10x_usart.o
    0x0800b78c   0x0000001a   Code   RO         3037    i.USART_GetFlagStatus  stm32f10x_usart.o
    0x0800b7a6   0x00000054   Code   RO         3038    i.USART_GetITStatus  stm32f10x_usart.o
    0x0800b7fa   0x0000004a   Code   RO         3040    i.USART_ITConfig    stm32f10x_usart.o
    0x0800b844   0x000000d8   Code   RO         3041    i.USART_Init        stm32f10x_usart.o
    0x0800b91c   0x0000000a   Code   RO         3048    i.USART_ReceiveData  stm32f10x_usart.o
    0x0800b926   0x00000008   Code   RO         3051    i.USART_SendData    stm32f10x_usart.o
    0x0800b92e   0x00000004   Code   RO          215    i.UsageFault_Handler  stm32f10x_it.o
    0x0800b932   0x00000002   PAD
    0x0800b934   0x00000058   Code   RO         1393    i.W25QXX_Erase_Sector  w25qxx.o
    0x0800b98c   0x00000058   Code   RO         1394    i.W25QXX_Init       w25qxx.o
    0x0800b9e4   0x00000050   Code   RO         1396    i.W25QXX_Read       w25qxx.o
    0x0800ba34   0x00000048   Code   RO         1397    i.W25QXX_ReadID     w25qxx.o
    0x0800ba7c   0x0000002c   Code   RO         1398    i.W25QXX_ReadSR     w25qxx.o
    0x0800baa8   0x00000012   Code   RO         1400    i.W25QXX_Wait_Busy  w25qxx.o
    0x0800baba   0x00000002   PAD
    0x0800babc   0x000000b8   Code   RO         1401    i.W25QXX_Write      w25qxx.o
    0x0800bb74   0x00000020   Code   RO         1403    i.W25QXX_Write_Enable  w25qxx.o
    0x0800bb94   0x00000046   Code   RO         1404    i.W25QXX_Write_NoCheck  w25qxx.o
    0x0800bbda   0x00000002   PAD
    0x0800bbdc   0x00000054   Code   RO         1405    i.W25QXX_Write_Page  w25qxx.o
    0x0800bc30   0x00000028   Code   RO         4968    i.__ARM_fpclassify  m_ws.l(fpclassify.o)
    0x0800bc58   0x000000aa   Code   RO         4970    i.__kernel_poly     m_ws.l(poly.o)
    0x0800bd02   0x00000002   PAD
    0x0800bd04   0x00000010   Code   RO         4954    i.__mathlib_dbl_divzero  m_ws.l(dunder.o)
    0x0800bd14   0x00000004   Code   RO         4956    i.__mathlib_dbl_infnan2  m_ws.l(dunder.o)
    0x0800bd18   0x0000000c   Code   RO         4957    i.__mathlib_dbl_invalid  m_ws.l(dunder.o)
    0x0800bd24   0x0000000e   Code   RO         4958    i.__mathlib_dbl_overflow  m_ws.l(dunder.o)
    0x0800bd32   0x00000002   PAD
    0x0800bd34   0x00000010   Code   RO         4960    i.__mathlib_dbl_underflow  m_ws.l(dunder.o)
    0x0800bd44   0x0000000e   Code   RO         4755    i._is_digit         c_w.l(__printf_wp.o)
    0x0800bd52   0x00000006   Code   RO          403    i._sys_exit         usart.o
    0x0800bd58   0x0000003c   Code   RO         4196    i.atk_8266_at_response  wifista.o
    0x0800bd94   0x00000034   Code   RO         4197    i.atk_8266_check_cmd  wifista.o
    0x0800bdc8   0x00000044   Code   RO         4198    i.atk_8266_consta_check  wifista.o
    0x0800be0c   0x00000054   Code   RO         4199    i.atk_8266_get_wanip  wifista.o
    0x0800be60   0x00000070   Code   RO         4200    i.atk_8266_quit_trans  wifista.o
    0x0800bed0   0x00000078   Code   RO         4201    i.atk_8266_send_cmd  wifista.o
    0x0800bf48   0x00000184   Code   RO         4203    i.atk_8266_wifista_config  wifista.o
    0x0800c0cc   0x00000058   Code   RO         4302    i.cJSON_Delete      cjson.o
    0x0800c124   0x00000012   Code   RO         4308    i.cJSON_GetArrayItem  cjson.o
    0x0800c136   0x00000012   Code   RO         4309    i.cJSON_GetArraySize  cjson.o
    0x0800c148   0x0000001e   Code   RO         4311    i.cJSON_GetObjectItem  cjson.o
    0x0800c166   0x00000002   PAD
    0x0800c168   0x00000020   Code   RO         4315    i.cJSON_New_Item    cjson.o
    0x0800c188   0x00000010   Code   RO         4316    i.cJSON_Parse       cjson.o
    0x0800c198   0x00000064   Code   RO         4317    i.cJSON_ParseWithOpts  cjson.o
    0x0800c1fc   0x00000012   Code   RO         4318    i.cJSON_Print       cjson.o
    0x0800c20e   0x0000004c   Code   RO         4323    i.cJSON_strcasecmp  cjson.o
    0x0800c25a   0x00000002   PAD
    0x0800c25c   0x0000002c   Code   RO         4324    i.cJSON_strdup      cjson.o
    0x0800c288   0x00000090   Code   RO         3580    i.check_fs          ff.o
    0x0800c318   0x00000014   Code   RO         3581    i.chk_chr           ff.o
    0x0800c32c   0x00000032   Code   RO         3582    i.clmt_clust        ff.o
    0x0800c35e   0x0000001a   Code   RO         3583    i.clust2sect        ff.o
    0x0800c378   0x00000090   Code   RO         3584    i.cmp_lfn           ff.o
    0x0800c408   0x00000012   Code   RO          858    i.convert_from_bytes_to_power_of_two  sdio_sdcard.o
    0x0800c41a   0x000000d6   Code   RO         3585    i.create_chain      ff.o
    0x0800c4f0   0x00000270   Code   RO         3586    i.create_name       ff.o
    0x0800c760   0x00000044   Code   RO          348    i.delay_init        delay.o
    0x0800c7a4   0x0000004c   Code   RO          349    i.delay_ms          delay.o
    0x0800c7f0   0x0000004c   Code   RO          350    i.delay_us          delay.o
    0x0800c83c   0x0000005c   Code   RO         3587    i.dir_alloc         ff.o
    0x0800c898   0x000000ea   Code   RO         3588    i.dir_find          ff.o
    0x0800c982   0x0000010e   Code   RO         3589    i.dir_next          ff.o
    0x0800ca90   0x0000012a   Code   RO         3591    i.dir_register      ff.o
    0x0800cbba   0x0000009e   Code   RO         3593    i.dir_sdi           ff.o
    0x0800cc58   0x00000038   Code   RO         3520    i.disk_initialize   diskio.o
    0x0800cc90   0x000000b4   Code   RO         3521    i.disk_ioctl        diskio.o
    0x0800cd44   0x0000007a   Code   RO         3522    i.disk_read         diskio.o
    0x0800cdbe   0x00000006   Code   RO         3523    i.disk_status       diskio.o
    0x0800cdc4   0x0000007a   Code   RO         3524    i.disk_write        diskio.o
    0x0800ce3e   0x00000002   PAD
    0x0800ce40   0x00000070   Code   RO         4326    i.ensure            cjson.o
    0x0800ceb0   0x00000084   Code   RO         3923    i.exfuns_init       exfuns.o
    0x0800cf34   0x00000020   Code   RO         3595    i.f_close           ff.o
    0x0800cf54   0x0000005c   Code   RO         3603    i.f_mount           ff.o
    0x0800cfb0   0x00000180   Code   RO         3604    i.f_open            ff.o
    0x0800d130   0x000001b0   Code   RO         3609    i.f_read            ff.o
    0x0800d2e0   0x000000b0   Code   RO         3614    i.f_sync            ff.o
    0x0800d390   0x00000098   Code   RO         3963    i.ff_convert        mycc936.o
    0x0800d428   0x0000000e   Code   RO         3525    i.ff_memalloc       diskio.o
    0x0800d436   0x0000000e   Code   RO         3526    i.ff_memfree        diskio.o
    0x0800d444   0x00000038   Code   RO         3964    i.ff_wtoupper       mycc936.o
    0x0800d47c   0x00000394   Code   RO         3619    i.find_volume       ff.o
    0x0800d810   0x00000080   Code   RO         3620    i.fit_lfn           ff.o
    0x0800d890   0x000000dc   Code   RO         4859    i.floor             m_ws.l(floor.o)
    0x0800d96c   0x00000090   Code   RO         3621    i.follow_path       ff.o
    0x0800d9fc   0x00000044   Code   RO         4124    i.font_init         fontupd.o
    0x0800da40   0x0000001c   Code   RO          405    i.fputc             usart.o
    0x0800da5c   0x00000090   Code   RO         4125    i.fupd_prog         fontupd.o
    0x0800daec   0x000000cc   Code   RO         3622    i.gen_numname       ff.o
    0x0800dbb8   0x00000154   Code   RO         4257    i.get_3days_weather  weather.o
    0x0800dd0c   0x00000198   Code   RO         4258    i.get_beijing_time  weather.o
    0x0800dea4   0x0000012c   Code   RO         4259    i.get_current_weather  weather.o
    0x0800dfd0   0x000000f2   Code   RO         3623    i.get_fat           ff.o
    0x0800e0c2   0x00000004   Code   RO         3527    i.get_fattime       diskio.o
    0x0800e0c6   0x0000004a   Code   RO         3625    i.get_ldnumber      ff.o
    0x0800e110   0x00000050   Code   RO          613    i.gui_draw_bigpoint  lcd.o
    0x0800e160   0x00000104   Code   RO          614    i.gui_show_num      lcd.o
    0x0800e264   0x00000190   Code   RO          615    i.gui_show_ptchar   lcd.o
    0x0800e3f4   0x00000020   Code   RO         3626    i.ld_clust          ff.o
    0x0800e414   0x000002f8   Code   RO            1    i.main              main.o
    0x0800e70c   0x00000026   Code   RO         3627    i.mem_cmp           ff.o
    0x0800e732   0x0000001a   Code   RO         3628    i.mem_cpy           ff.o
    0x0800e74c   0x00000014   Code   RO         3629    i.mem_set           ff.o
    0x0800e760   0x00000034   Code   RO         3630    i.move_window       ff.o
    0x0800e794   0x00000020   Code   RO         3438    i.my_free           malloc.o
    0x0800e7b4   0x00000024   Code   RO         3439    i.my_malloc         malloc.o
    0x0800e7d8   0x0000006c   Code   RO         3440    i.my_mem_free       malloc.o
    0x0800e844   0x00000044   Code   RO         3441    i.my_mem_init       malloc.o
    0x0800e888   0x000000a8   Code   RO         3442    i.my_mem_malloc     malloc.o
    0x0800e930   0x00000040   Code   RO         3443    i.my_mem_perused    malloc.o
    0x0800e970   0x00000024   Code   RO         3444    i.myfree            malloc.o
    0x0800e994   0x00000028   Code   RO         3445    i.mymalloc          malloc.o
    0x0800e9bc   0x00000014   Code   RO         3447    i.mymemset          malloc.o
    0x0800e9d0   0x000002f0   Code   RO         4637    i.parse_3days_weather  parsejson.o
    0x0800ecc0   0x000000ac   Code   RO         4327    i.parse_array       cjson.o
    0x0800ed6c   0x00000114   Code   RO         4328    i.parse_hex4        cjson.o
    0x0800ee80   0x000002d0   Code   RO         4638    i.parse_now_weather  parsejson.o
    0x0800f150   0x000001bc   Code   RO         4329    i.parse_number      cjson.o
    0x0800f30c   0x00000114   Code   RO         4330    i.parse_object      cjson.o
    0x0800f420   0x000001cc   Code   RO         4331    i.parse_string      cjson.o
    0x0800f5ec   0x000000bc   Code   RO         4332    i.parse_value       cjson.o
    0x0800f6a8   0x000009b8   Code   RO         4863    i.pow               m_ws.l(pow.o)
    0x08010060   0x0000001c   Code   RO         4333    i.pow2gt            cjson.o
    0x0801007c   0x00000250   Code   RO         4334    i.print_array       cjson.o
    0x080102cc   0x00000198   Code   RO         4335    i.print_number      cjson.o
    0x08010464   0x00000418   Code   RO         4336    i.print_object      cjson.o
    0x0801087c   0x00000010   Code   RO         4337    i.print_string      cjson.o
    0x0801088c   0x000001d4   Code   RO         4338    i.print_string_ptr  cjson.o
    0x08010a60   0x00000130   Code   RO         4339    i.print_value       cjson.o
    0x08010b90   0x00000142   Code   RO         3632    i.put_fat           ff.o
    0x08010cd2   0x0000006c   Code   RO         3634    i.remove_chain      ff.o
    0x08010d3e   0x00000002   PAD
    0x08010d40   0x0000008c   Code   RO            2    i.show_time         main.o
    0x08010dcc   0x000002e4   Code   RO            3    i.show_weather      main.o
    0x080110b0   0x00001068   Code   RO         4639    i.show_weather_icon  parsejson.o
    0x08012118   0x00000012   Code   RO         4340    i.skip              cjson.o
    0x0801212a   0x0000004c   Code   RO         4873    i.sqrt              m_ws.l(sqrt.o)
    0x08012176   0x00000010   Code   RO         3635    i.st_clust          ff.o
    0x08012186   0x0000003a   Code   RO         4640    i.str2int           parsejson.o
    0x080121c0   0x00000020   Code   RO         3636    i.sum_sfn           ff.o
    0x080121e0   0x000000c8   Code   RO         3637    i.sync_fs           ff.o
    0x080122a8   0x00000052   Code   RO         3638    i.sync_window       ff.o
    0x080122fa   0x00000002   PAD
    0x080122fc   0x00000050   Code   RO         1355    i.u3_printf         usart3.o
    0x0801234c   0x000000a0   Code   RO          406    i.uart_init         usart.o
    0x080123ec   0x00000164   Code   RO         4126    i.updata_fontx      fontupd.o
    0x08012550   0x00000020   Code   RO         4342    i.update            cjson.o
    0x08012570   0x00000394   Code   RO         4127    i.update_font       fontupd.o
    0x08012904   0x000000d0   Code   RO         1356    i.usart3_init       usart3.o
    0x080129d4   0x00000036   Code   RO         3639    i.validate          ff.o
    0x08012a0a   0x00000002   PAD
    0x08012a0c   0x0000002c   Code   RO         5042    locale$$code        c_w.l(lc_ctype_c.o)
    0x08012a38   0x0000002c   Code   RO         5045    locale$$code        c_w.l(lc_numeric_c.o)
    0x08012a64   0x00000150   Code   RO         4798    x$fpl$dadd          fz_ws.l(daddsub_clz.o)
    0x08012bb4   0x00000010   Code   RO         5047    x$fpl$dcheck1       fz_ws.l(dcheck1.o)
    0x08012bc4   0x00000018   Code   RO         4933    x$fpl$dcmpinf       fz_ws.l(dcmpi.o)
    0x08012bdc   0x000002b0   Code   RO         4936    x$fpl$ddiv          fz_ws.l(ddiv.o)
    0x08012e8c   0x00000078   Code   RO         4804    x$fpl$deqf          fz_ws.l(deqf.o)
    0x08012f04   0x0000005e   Code   RO         4806    x$fpl$dfix          fz_ws.l(dfix.o)
    0x08012f62   0x00000002   PAD
    0x08012f64   0x0000005a   Code   RO         4810    x$fpl$dfixu         fz_ws.l(dfixu.o)
    0x08012fbe   0x0000002e   Code   RO         4815    x$fpl$dflt          fz_ws.l(dflt_clz.o)
    0x08012fec   0x00000026   Code   RO         4814    x$fpl$dfltu         fz_ws.l(dflt_clz.o)
    0x08013012   0x00000002   PAD
    0x08013014   0x00000078   Code   RO         4820    x$fpl$dleqf         fz_ws.l(dleqf.o)
    0x0801308c   0x00000154   Code   RO         4822    x$fpl$dmul          fz_ws.l(dmul.o)
    0x080131e0   0x0000009c   Code   RO         4939    x$fpl$dnaninf       fz_ws.l(dnaninf.o)
    0x0801327c   0x0000000c   Code   RO         4941    x$fpl$dretinf       fz_ws.l(dretinf.o)
    0x08013288   0x0000006c   Code   RO         4824    x$fpl$drleqf        fz_ws.l(drleqf.o)
    0x080132f4   0x00000016   Code   RO         4799    x$fpl$drsb          fz_ws.l(daddsub_clz.o)
    0x0801330a   0x00000002   PAD
    0x0801330c   0x000001cc   Code   RO         4943    x$fpl$dsqrt         fz_ws.l(dsqrt_noumaal.o)
    0x080134d8   0x000001d4   Code   RO         4800    x$fpl$dsub          fz_ws.l(daddsub_clz.o)
    0x080136ac   0x00000056   Code   RO         4826    x$fpl$f2d           fz_ws.l(f2d.o)
    0x08013702   0x00000002   PAD
    0x08013704   0x000000c4   Code   RO         4828    x$fpl$fadd          fz_ws.l(faddsub_clz.o)
    0x080137c8   0x00000018   Code   RO         4945    x$fpl$fcmpinf       fz_ws.l(fcmpi.o)
    0x080137e0   0x00000184   Code   RO         4835    x$fpl$fdiv          fz_ws.l(fdiv.o)
    0x08013964   0x00000068   Code   RO         4838    x$fpl$feqf          fz_ws.l(feqf.o)
    0x080139cc   0x00000036   Code   RO         4840    x$fpl$ffix          fz_ws.l(ffix.o)
    0x08013a02   0x00000002   PAD
    0x08013a04   0x0000003e   Code   RO         4844    x$fpl$ffixu         fz_ws.l(ffixu.o)
    0x08013a42   0x00000002   PAD
    0x08013a44   0x00000030   Code   RO         4849    x$fpl$fflt          fz_ws.l(fflt_clz.o)
    0x08013a74   0x00000026   Code   RO         4848    x$fpl$ffltu         fz_ws.l(fflt_clz.o)
    0x08013a9a   0x00000002   PAD
    0x08013a9c   0x00000102   Code   RO         4854    x$fpl$fmul          fz_ws.l(fmul.o)
    0x08013b9e   0x0000008c   Code   RO         4947    x$fpl$fnaninf       fz_ws.l(fnaninf.o)
    0x08013c2a   0x0000000a   Code   RO         4949    x$fpl$fretinf       fz_ws.l(fretinf.o)
    0x08013c34   0x000000ea   Code   RO         4830    x$fpl$fsub          fz_ws.l(faddsub_clz.o)
    0x08013d1e   0x00000004   Code   RO         4856    x$fpl$printf1       fz_ws.l(printf1.o)
    0x08013d22   0x00000064   Code   RO         5111    x$fpl$retnan        fz_ws.l(retnan.o)
    0x08013d86   0x0000005c   Code   RO         4951    x$fpl$scalbn        fz_ws.l(scalbn.o)
    0x08013de2   0x00000030   Code   RO         5123    x$fpl$trapveneer    fz_ws.l(trapv.o)
    0x08013e12   0x00000000   Code   RO         4953    x$fpl$usenofp       fz_ws.l(usenofp.o)
    0x08013e12   0x00000002   PAD
    0x08013e14   0x000017c4   Data   RO          618    .constdata          lcd.o
    0x080155d8   0x0000000a   Data   RO         1145    .constdata          ft5206.o
    0x080155e2   0x000000c2   Data   RO         1183    .constdata          gt9147.o
    0x080156a4   0x0000000a   Data   RO         1223    .constdata          ott2001a.o
    0x080156ae   0x00000002   PAD
    0x080156b0   0x00000004   Data   RO         1271    .constdata          touch.o
    0x080156b4   0x00000018   Data   RO         1504    .constdata          rtc.o
    0x080156cc   0x00000018   Data   RO         3452    .constdata          malloc.o
    0x080156e4   0x0000003a   Data   RO         3640    .constdata          ff.o
    0x0801571e   0x000003c0   Data   RO         3965    .constdata          mycc936.o
    0x08015ade   0x00000002   PAD
    0x08015ae0   0x00000010   Data   RO         4129    .constdata          fontupd.o
    0x08015af0   0x00000007   Data   RO         4343    .constdata          cjson.o
    0x08015af7   0x00000001   PAD
    0x08015af8   0x0000a34c   Data   RO         4672    .constdata          utf8togbk.o
    0x0801fe44   0x0000b1bc   Data   RO         4686    .constdata          picture.o
    0x0802b000   0x00000028   Data   RO         4743    .constdata          c_w.l(_printf_hex_int_ll_ptr.o)
    0x0802b028   0x00000011   Data   RO         4763    .constdata          c_w.l(__printf_flags_ss_wp.o)
    0x0802b039   0x00000007   PAD
    0x0802b040   0x00000088   Data   RO         4864    .constdata          m_ws.l(pow.o)
    0x0802b0c8   0x00000008   Data   RO         4906    .constdata          c_w.l(_printf_wctomb.o)
    0x0802b0d0   0x00000008   Data   RO         4972    .constdata          m_ws.l(qnan.o)
    0x0802b0d8   0x00000094   Data   RO         5011    .constdata          c_w.l(bigflt0.o)
    0x0802b16c   0x00000020   Data   RO          619    .conststring        lcd.o
    0x0802b18c   0x00000079   Data   RO         1272    .conststring        touch.o
    0x0802b205   0x00000003   PAD
    0x0802b208   0x0000005f   Data   RO         4130    .conststring        fontupd.o
    0x0802b267   0x00000001   PAD
    0x0802b268   0x00000048   Data   RO         4204    .conststring        wifista.o
    0x0802b2b0   0x000000f7   Data   RO         4260    .conststring        weather.o
    0x0802b3a7   0x00000001   PAD
    0x0802b3a8   0x00000020   Data   RO         5191    Region$$Table       anon$$obj.o
    0x0802b3c8   0x00000110   Data   RO         5041    locale$$data        c_w.l(lc_ctype_c.o)
    0x0802b4d8   0x0000001c   Data   RO         5044    locale$$data        c_w.l(lc_numeric_c.o)


    Execution Region RW_IRAM1 (Base: 0x20000000, Size: 0x0000e768, Max: 0x00010000, ABSOLUTE)

    Base Addr    Size         Type   Attr      Idx    E Section Name        Object

    0x20000000   0x00000014   Data   RW          300    .data               system_stm32f10x.o
    0x20000014   0x00000004   Data   RW          351    .data               delay.o
    0x20000018   0x00000006   Data   RW          408    .data               usart.o
    0x2000001e   0x00000001   Data   RW          565    .data               key.o
    0x2000001f   0x00000001   PAD
    0x20000020   0x00000008   Data   RW          620    .data               lcd.o
    0x20000028   0x00000010   Data   RW          860    .data               sdio_sdcard.o
    0x20000038   0x00000001   Data   RW         1146    .data               ft5206.o
    0x20000039   0x00000001   Data   RW         1184    .data               gt9147.o
    0x2000003a   0x00000001   Data   RW         1224    .data               ott2001a.o
    0x2000003b   0x00000001   PAD
    0x2000003c   0x00000036   Data   RW         1273    .data               touch.o
    0x20000072   0x00000002   Data   RW         1358    .data               usart3.o
    0x20000074   0x00000002   Data   RW         1408    .data               w25qxx.o
    0x20000076   0x00000002   Data   RW         1505    .data               rtc.o
    0x20000078   0x00000014   Data   RW         1984    .data               stm32f10x_rcc.o
    0x2000008c   0x0000001c   Data   RW         3453    .data               malloc.o
    0x200000a8   0x00000002   Data   RW         3528    .data               diskio.o
    0x200000aa   0x00000002   PAD
    0x200000ac   0x0000000a   Data   RW         3641    .data               ff.o
    0x200000b6   0x00000002   PAD
    0x200000b8   0x0000001c   Data   RW         3928    .data               exfuns.o
    0x200000d4   0x00000020   Data   RW         4205    .data               wifista.o
    0x200000f4   0x0000000c   Data   RW         4344    .data               cjson.o
    0x20000100   0x000000c8   Zero   RW          407    .bss                usart.o
    0x200001c8   0x0000000e   Zero   RW          617    .bss                lcd.o
    0x200001d6   0x00000002   PAD
    0x200001d8   0x000002c0   Zero   RW          859    .bss                sdio_sdcard.o
    0x20000498   0x00000834   Zero   RW         1357    .bss                usart3.o
    0x20000ccc   0x00001000   Zero   RW         1407    .bss                w25qxx.o
    0x20001ccc   0x0000000a   Zero   RW         1503    .bss                rtc.o
    0x20001cd6   0x0000000a   PAD
    0x20001ce0   0x0000aa00   Zero   RW         3451    .bss                malloc.o
    0x2000c6e0   0x00000021   Zero   RW         4128    .bss                fontupd.o
    0x2000c701   0x00000003   PAD
    0x2000c704   0x00000060   Zero   RW         5052    .bss                c_w.l(libspace.o)
    0x2000c764   0x00000004   PAD
    0x2000c768   0x00001000   Zero   RW          342    HEAP                startup_stm32f10x_hd.o
    0x2000d768   0x00001000   Zero   RW          341    STACK               startup_stm32f10x_hd.o



  Load Region LR$$.ARM.__AT_0x68000000 (Base: 0x68000000, Size: 0x00000000, Max: 0x000f0000, ABSOLUTE)

    Execution Region ER$$.ARM.__AT_0x68000000 (Base: 0x68000000, Size: 0x000f0000, Max: 0x000f0000, ABSOLUTE, UNINIT)

    Base Addr    Size         Type   Attr      Idx    E Section Name        Object

    0x68000000   0x000f0000   Zero   RW         3449    .ARM.__AT_0x68000000  malloc.o



  Load Region LR$$.ARM.__AT_0x680F0000 (Base: 0x680f0000, Size: 0x00000000, Max: 0x0000f000, ABSOLUTE)

    Execution Region ER$$.ARM.__AT_0x680F0000 (Base: 0x680f0000, Size: 0x0000f000, Max: 0x0000f000, ABSOLUTE, UNINIT)

    Base Addr    Size         Type   Attr      Idx    E Section Name        Object

    0x680f0000   0x0000f000   Zero   RW         3450    .ARM.__AT_0x680F0000  malloc.o


==============================================================================

Image component sizes


      Code (inc. data)   RO Data    RW Data    ZI Data      Debug   Object Name

       246          0          0          0          0       3383   24cxx.o
      5282        252          7         12          0      23269   cjson.o
         0          0          0          0          0         32   core_cm3.o
       718        128          0          0          0       5029   ctiic.o
       220         26          0          4          0       1823   delay.o
       518         14          0          2          0       6752   diskio.o
       132         18          0         28          0       1682   exfuns.o
      6080         64         58         10          0      35223   ff.o
      1484        156        111          0         33       5298   fontupd.o
       822         36         10          1          0       3705   ft5206.o
      1114         76        194          1          0       4602   gt9147.o
       260         20          0          1          0       1226   key.o
     18672        236       6116          8         14      29995   lcd.o
        76          8          0          0          0        531   led.o
      1640        296          0          0          0     290874   main.o
       572         72         24         28    1088000       7447   malloc.o
       172         22          0          0          0       2177   misc.o
       208         16        960          0          0       1971   mycc936.o
       692        100          0          0          0       4466   myiic.o
       878         58         10          1          0       4243   ott2001a.o
      5730        382          0          0          0       7014   parsejson.o
         0          0      45500          0          0       2669   picture.o
       902         36         24          2         10       5870   rtc.o
      7246        394          0         16        704      34170   sdio_sdcard.o
       272         18          0          0          0       1857   spi.o
        64         26        304          0       8192        816   startup_stm32f10x_hd.o
        72         10          0          0          0       2804   stm32f10x_bkp.o
       416          8          0          0          0       3542   stm32f10x_dma.o
       282          6          0          0          0       1905   stm32f10x_fsmc.o
       304          0          0          0          0       3792   stm32f10x_gpio.o
        26          0          0          0          0       3982   stm32f10x_it.o
        12          6          0          0          0        542   stm32f10x_pwr.o
       524         76          0         20          0       9252   stm32f10x_rcc.o
       260         48          0          0          0       5424   stm32f10x_rtc.o
       304         72          0          0          0       8422   stm32f10x_sdio.o
       112          0          0          0          0       3998   stm32f10x_spi.o
       250         42          0          0          0       4291   stm32f10x_tim.o
       598         28          0          0          0       6988   stm32f10x_usart.o
         8          0          0          0          0        897   sys.o
       328         28          0         20          0       2237   system_stm32f10x.o
       618         14          0          0          0       3363   text.o
       148         16          0          0          0       1178   timer.o
      4000        268        125         54          0      10601   touch.o
       330         26          0          6        200       4336   usart.o
       400         40          0          2       2100       3438   usart3.o
       184          6      41804          0          0       1728   utf8togbk.o
       760         70          0          2       4096       7045   w25qxx.o
      1048        484        247          0          0       2897   weather.o
       884        260         72         32          0       5428   wifista.o

    ----------------------------------------------------------------------
     65918       3962      95608        256    1103364     584214   Object Totals
         0          0         32          0          0          0   (incl. Generated)
        50          0         10          6         15          0   (incl. Padding)

    ----------------------------------------------------------------------

      Code (inc. data)   RO Data    RW Data    ZI Data      Debug   Library Member Name

        24          4          0          0          0         84   __2printf.o
        44          6          0          0          0         84   __2sprintf.o
         8          0          0          0          0         68   __main.o
       392          4         17          0          0         92   __printf_flags_ss_wp.o
        14          0          0          0          0         68   __printf_wp.o
         0          0          0          0          0          0   __rtentry.o
        12          0          0          0          0          0   __rtentry2.o
         6          0          0          0          0          0   __rtentry4.o
        52          8          0          0          0          0   __scatter.o
        26          0          0          0          0          0   __scatter_copy.o
        28          0          0          0          0          0   __scatter_zi.o
         6          0          0          0          0          0   _printf_a.o
         6          0          0          0          0          0   _printf_c.o
        44          0          0          0          0        108   _printf_char.o
        48          6          0          0          0         96   _printf_char_common.o
        36          4          0          0          0         80   _printf_char_file.o
        40          0          0          0          0         68   _printf_charcount.o
         6          0          0          0          0          0   _printf_d.o
       120         16          0          0          0         92   _printf_dec.o
         6          0          0          0          0          0   _printf_e.o
         6          0          0          0          0          0   _printf_f.o
      1050          0          0          0          0        216   _printf_fp_dec.o
       128         16          0          0          0         84   _printf_fp_infnan.o
         6          0          0          0          0          0   _printf_g.o
       148          4         40          0          0        160   _printf_hex_int_ll_ptr.o
         6          0          0          0          0          0   _printf_i.o
       178          0          0          0          0         88   _printf_intcommon.o
        10          0          0          0          0          0   _printf_l.o
         6          0          0          0          0          0   _printf_lc.o
        10          0          0          0          0          0   _printf_ll.o
         6          0          0          0          0          0   _printf_lld.o
         6          0          0          0          0          0   _printf_lli.o
         6          0          0          0          0          0   _printf_llo.o
         6          0          0          0          0          0   _printf_llu.o
         6          0          0          0          0          0   _printf_llx.o
       124         16          0          0          0         92   _printf_longlong_dec.o
         6          0          0          0          0          0   _printf_ls.o
         6          0          0          0          0          0   _printf_n.o
         6          0          0          0          0          0   _printf_o.o
       112          8          0          0          0        124   _printf_oct_int_ll.o
         6          0          0          0          0          0   _printf_p.o
        78          0          0          0          0        108   _printf_pad.o
         0          0          0          0          0          0   _printf_percent.o
         4          0          0          0          0          0   _printf_percent_end.o
         6          0          0          0          0          0   _printf_s.o
        82          0          0          0          0         80   _printf_str.o
        36          0          0          0          0         84   _printf_truncate.o
         6          0          0          0          0          0   _printf_u.o
        44          0          0          0          0        108   _printf_wchar.o
       188          6          8          0          0         92   _printf_wctomb.o
         6          0          0          0          0          0   _printf_x.o
        22          0          0          0          0        100   _rserrno.o
        10          0          0          0          0         68   _sputc.o
        64          0          0          0          0         92   _wcrtomb.o
       220          4        148          0          0         96   bigflt0.o
      1910        128          0          0          0        672   btod.o
        36          4          0          0          0         76   c89vsprintf.o
        12          0          0          0          0         72   exit.o
         8          0          0          0          0         68   ferror.o
         6          0          0          0          0        152   heapauxi.o
        44         10        272          0          0         76   lc_ctype_c.o
        44         10         28          0          0         76   lc_numeric_c.o
         2          0          0          0          0          0   libinit.o
        30          0          0          0          0          0   libinit2.o
         2          0          0          0          0          0   libshutdown.o
         2          0          0          0          0          0   libshutdown2.o
         8          4          0          0         96         68   libspace.o
        72          0          0          0          0         76   llsdiv.o
       138          0          0          0          0         80   lludiv10.o
       238          0          0          0          0        100   lludivv7m.o
        16          4          0          0          0         76   rt_ctype_table.o
         8          4          0          0          0         68   rt_errno_addr_intlibspace.o
         8          4          0          0          0         68   rt_locale_intlibspace.o
        68          0          0          0          0         68   rt_memclr.o
        78          0          0          0          0         80   rt_memclr_w.o
       138          0          0          0          0         68   rt_memcpy_v6.o
       100          0          0          0          0         80   rt_memcpy_w.o
         2          0          0          0          0          0   rtexit.o
        10          0          0          0          0          0   rtexit2.o
        24          0          0          0          0         68   strcat.o
        20          0          0          0          0         68   strchr.o
       128          0          0          0          0         68   strcmpv7m.o
        72          0          0          0          0         80   strcpy.o
        62          0          0          0          0         76   strlen.o
       150          0          0          0          0         80   strncmp.o
        36          0          0          0          0         80   strstr.o
        74          0          0          0          0         80   sys_stackheap_outer.o
        26          0          0          0          0         76   tolower.o
         2          0          0          0          0         68   use_no_semi.o
         2          0          0          0          0         68   use_no_semi_2.o
       826         16          0          0          0        348   daddsub_clz.o
        16          4          0          0          0         68   dcheck1.o
        24          0          0          0          0         68   dcmpi.o
       688        140          0          0          0        208   ddiv.o
       120          4          0          0          0         92   deqf.o
        94          4          0          0          0         92   dfix.o
        90          4          0          0          0         92   dfixu.o
        84          0          0          0          0        136   dflt_clz.o
       120          4          0          0          0         92   dleqf.o
       340         12          0          0          0        104   dmul.o
       156          4          0          0          0         92   dnaninf.o
        12          0          0          0          0         68   dretinf.o
       108          0          0          0          0         80   drleqf.o
       460         56          0          0          0        120   dsqrt_noumaal.o
        86          4          0          0          0         84   f2d.o
       430          8          0          0          0        168   faddsub_clz.o
        24          0          0          0          0         68   fcmpi.o
       388         76          0          0          0         96   fdiv.o
       104          4          0          0          0         84   feqf.o
        54          4          0          0          0         84   ffix.o
        62          4          0          0          0         84   ffixu.o
        86          0          0          0          0        136   fflt_clz.o
       258          4          0          0          0         84   fmul.o
       140          4          0          0          0         84   fnaninf.o
        10          0          0          0          0         68   fretinf.o
         4          0          0          0          0         68   printf1.o
       100          0          0          0          0         68   retnan.o
        92          0          0          0          0         68   scalbn.o
        48          0          0          0          0         68   trapv.o
         0          0          0          0          0          0   usenofp.o
        62         10          0          0          0        340   dunder.o
       220         16          0          0          0         84   floor.o
        40          0          0          0          0         68   fpclassify.o
       170          0          0          0          0         96   poly.o
      2488        190        136          0          0        300   pow.o
         0          0          8          0          0          0   qnan.o
        76          0          0          0          0         84   sqrt.o

    ----------------------------------------------------------------------
     15206        842        664          0        100       9212   Library Totals
        28          0          7          0          4          0   (incl. Padding)

    ----------------------------------------------------------------------

      Code (inc. data)   RO Data    RW Data    ZI Data      Debug   Library Name

      7098        270        513          0         96       5268   c_w.l
      5024        356          0          0          0       2972   fz_ws.l
      3056        216        144          0          0        972   m_ws.l

    ----------------------------------------------------------------------
     15206        842        664          0        100       9212   Library Totals

    ----------------------------------------------------------------------

==============================================================================


      Code (inc. data)   RO Data    RW Data    ZI Data      Debug   

     81124       4804      96272        256    1103464     571634   Grand Totals
     81124       4804      96272        256    1103464     571634   ELF Image Totals
     81124       4804      96272        256          0          0   ROM Totals

==============================================================================

    Total RO  Size (Code + RO Data)               177396 ( 173.24kB)
    Total RW  Size (RW Data + ZI Data)           1103720 (1077.85kB)
    Total ROM Size (Code + RO Data + RW Data)     177652 ( 173.49kB)

==============================================================================

